integration	Run python -m pip install --require-hashes --only-binary=:all: --index-url https://pypi.org/simple -r entrotter/requirements-contracts.txt	﻿2026-09-19T22:32:45.0780058Z ##[group]Run python -m pip install --require-hashes --only-binary=:all: --index-url https://pypi.org/simple -r entrotter/requirements-contracts.txt
integration	Run python -m pip install --require-hashes --only-binary=:all: --index-url https://pypi.org/simple -r entrotter/requirements-contracts.txt	2026-09-19T22:32:45.0781264Z [36;1mpython -m pip install --require-hashes --only-binary=:all: --index-url https://pypi.org/simple -r entrotter/requirements-contracts.txt[0m
integration	Run python -m pip install --require-hashes --only-binary=:all: --index-url https://pypi.org/simple -r entrotter/requirements-contracts.txt	2026-09-19T22:32:45.0834307Z shell: /usr/bin/bash -e {0}
integration	Run python -m pip install --require-hashes --only-binary=:all: --index-url https://pypi.org/simple -r entrotter/requirements-contracts.txt	2026-09-19T22:32:45.0834587Z env:
integration	Run python -m pip install --require-hashes --only-binary=:all: --index-url https://pypi.org/simple -r entrotter/requirements-contracts.txt	2026-09-19T22:32:45.0834871Z   pythonLocation: /opt/hostedtoolcache/Python/3.12.14/x64
integration	Run python -m pip install --require-hashes --only-binary=:all: --index-url https://pypi.org/simple -r entrotter/requirements-contracts.txt	2026-09-19T22:32:45.0835343Z   PKG_CONFIG_PATH: /opt/hostedtoolcache/Python/3.12.14/x64/lib/pkgconfig
integration	Run python -m pip install --require-hashes --only-binary=:all: --index-url https://pypi.org/simple -r entrotter/requirements-contracts.txt	2026-09-19T22:32:45.0835850Z   Python_ROOT_DIR: /opt/hostedtoolcache/Python/3.12.14/x64
integration	Run python -m pip install --require-hashes --only-binary=:all: --index-url https://pypi.org/simple -r entrotter/requirements-contracts.txt	2026-09-19T22:32:45.0836287Z   Python2_ROOT_DIR: /opt/hostedtoolcache/Python/3.12.14/x64
integration	Run python -m pip install --require-hashes --only-binary=:all: --index-url https://pypi.org/simple -r entrotter/requirements-contracts.txt	2026-09-19T22:32:45.0837036Z   Python3_ROOT_DIR: /opt/hostedtoolcache/Python/3.12.14/x64
integration	Run python -m pip install --require-hashes --only-binary=:all: --index-url https://pypi.org/simple -r entrotter/requirements-contracts.txt	2026-09-19T22:32:45.0837471Z   LD_LIBRARY_PATH: /opt/hostedtoolcache/Python/3.12.14/x64/lib
integration	Run python -m pip install --require-hashes --only-binary=:all: --index-url https://pypi.org/simple -r entrotter/requirements-contracts.txt	2026-09-19T22:32:45.0837831Z ##[endgroup]
integration	Run python -m pip install --require-hashes --only-binary=:all: --index-url https://pypi.org/simple -r entrotter/requirements-contracts.txt	2026-09-19T22:32:45.9748209Z Collecting attrs==26.1.0 (from -r entrotter/requirements-contracts.txt (line 7))
integration	Run python -m pip install --require-hashes --only-binary=:all: --index-url https://pypi.org/simple -r entrotter/requirements-contracts.txt	2026-09-19T22:32:46.0232374Z   Downloading attrs-26.1.0-py3-none-any.whl (67 kB)
integration	Run python -m pip install --require-hashes --only-binary=:all: --index-url https://pypi.org/simple -r entrotter/requirements-contracts.txt	2026-09-19T22:32:46.0648406Z Collecting jsonschema==4.23.0 (from -r entrotter/requirements-contracts.txt (line 13))
integration	Run python -m pip install --require-hashes --only-binary=:all: --index-url https://pypi.org/simple -r entrotter/requirements-contracts.txt	2026-09-19T22:32:46.0705215Z   Downloading jsonschema-4.23.0-py3-none-any.whl (88 kB)
integration	Run python -m pip install --require-hashes --only-binary=:all: --index-url https://pypi.org/simple -r entrotter/requirements-contracts.txt	2026-09-19T22:32:46.0904833Z Collecting jsonschema-specifications==2025.9.1 (from -r entrotter/requirements-contracts.txt (line 17))
integration	Run python -m pip install --require-hashes --only-binary=:all: --index-url https://pypi.org/simple -r entrotter/requirements-contracts.txt	2026-09-19T22:32:46.0939783Z   Downloading jsonschema_specifications-2025.9.1-py3-none-any.whl (18 kB)
integration	Run python -m pip install --require-hashes --only-binary=:all: --index-url https://pypi.org/simple -r entrotter/requirements-contracts.txt	2026-09-19T22:32:46.1123956Z Collecting referencing==0.37.0 (from -r entrotter/requirements-contracts.txt (line 21))
integration	Run python -m pip install --require-hashes --only-binary=:all: --index-url https://pypi.org/simple -r entrotter/requirements-contracts.txt	2026-09-19T22:32:46.1155894Z   Downloading referencing-0.37.0-py3-none-any.whl (26 kB)
integration	Run python -m pip install --require-hashes --only-binary=:all: --index-url https://pypi.org/simple -r entrotter/requirements-contracts.txt	2026-09-19T22:32:46.3849345Z Collecting rpds-py==2026.6.3 (from -r entrotter/requirements-contracts.txt (line 27))
integration	Run python -m pip install --require-hashes --only-binary=:all: --index-url https://pypi.org/simple -r entrotter/requirements-contracts.txt	2026-09-19T22:32:46.3887554Z   Downloading rpds_py-2026.6.3-cp312-cp312-manylinux_2_17_x86_64.manylinux2014_x86_64.whl (366 kB)
integration	Run python -m pip install --require-hashes --only-binary=:all: --index-url https://pypi.org/simple -r entrotter/requirements-contracts.txt	2026-09-19T22:32:46.4146239Z Collecting typing-extensions>=4.4.0 (from referencing==0.37.0->-r entrotter/requirements-contracts.txt (line 21))
integration	Run python -m pip install --require-hashes --only-binary=:all: --index-url https://pypi.org/simple -r entrotter/requirements-contracts.txt	2026-09-19T22:32:46.4150470Z ERROR: In --require-hashes mode, all requirements must have their versions pinned with ==. These do not:
integration	Run python -m pip install --require-hashes --only-binary=:all: --index-url https://pypi.org/simple -r entrotter/requirements-contracts.txt	2026-09-19T22:32:46.4152944Z     typing-extensions>=4.4.0 from https://files.pythonhosted.org/packages/49/d3/b8441a820a491ddfc024b0b0cf0393375b75ea13866d9c66727e54c2fc80/typing_extensions-4.16.0-py3-none-any.whl (from referencing==0.37.0->-r entrotter/requirements-contracts.txt (line 21))
integration	Run python -m pip install --require-hashes --only-binary=:all: --index-url https://pypi.org/simple -r entrotter/requirements-contracts.txt	2026-09-19T22:32:46.4665291Z ##[error]Process completed with exit code 1.
