Collecting attrs==26.1.0 (from -r requirements-quality.txt (line 7))
  Using cached attrs-26.1.0-py3-none-any.whl (67 kB)
Collecting bandit==1.9.4 (from -r requirements-quality.txt (line 13))
  Using cached bandit-1.9.4-py3-none-any.whl (134 kB)
Collecting boolean-py==5.0 (from -r requirements-quality.txt (line 17))
  Using cached boolean_py-5.0-py3-none-any.whl (26 kB)
Collecting build==1.6.1 (from -r requirements-quality.txt (line 21))
  Using cached build-1.6.1-py3-none-any.whl (31 kB)
Collecting cachecontrol==0.14.4 (from -r requirements-quality.txt (line 27))
  Using cached cachecontrol-0.14.4-py3-none-any.whl (22 kB)
Collecting certifi==2026.7.22 (from -r requirements-quality.txt (line 33))
  Using cached certifi-2026.7.22-py3-none-any.whl (136 kB)
Collecting charset-normalizer==3.5.1 (from -r requirements-quality.txt (line 37))
  Using cached charset_normalizer-3.5.1-cp313-cp313-macosx_10_13_universal2.whl (340 kB)
Collecting click==8.5.0 (from -r requirements-quality.txt (line 211))
  Using cached click-8.5.0-py3-none-any.whl (125 kB)
Collecting cyclonedx-python-lib==11.12.0 (from -r requirements-quality.txt (line 215))
  Using cached cyclonedx_python_lib-11.12.0-py3-none-any.whl (529 kB)
Collecting defusedxml==0.7.1 (from -r requirements-quality.txt (line 219))
  Using cached defusedxml-0.7.1-py2.py3-none-any.whl (25 kB)
Collecting filelock==4.0.1 (from -r requirements-quality.txt (line 223))
  Using cached filelock-4.0.1-py3-none-any.whl (106 kB)
Collecting greenlet==3.5.6 (from -r requirements-quality.txt (line 227))
  Downloading greenlet-3.5.6-cp313-cp313-macosx_11_0_universal2.whl (294 kB)
Collecting idna==3.20 (from -r requirements-quality.txt (line 308))
  Using cached idna-3.20-py3-none-any.whl (69 kB)
Collecting jsonschema==4.23.0 (from -r requirements-quality.txt (line 312))
  Downloading jsonschema-4.23.0-py3-none-any.whl (88 kB)
Collecting jsonschema-specifications==2025.9.1 (from -r requirements-quality.txt (line 316))
  Using cached jsonschema_specifications-2025.9.1-py3-none-any.whl (18 kB)
Collecting license-expression==30.4.4 (from -r requirements-quality.txt (line 320))
  Using cached license_expression-30.4.4-py3-none-any.whl (120 kB)
Collecting markdown-it-py==4.2.0 (from -r requirements-quality.txt (line 324))
  Using cached markdown_it_py-4.2.0-py3-none-any.whl (91 kB)
Collecting mdurl==0.1.2 (from -r requirements-quality.txt (line 328))
  Using cached mdurl-0.1.2-py3-none-any.whl (10.0 kB)
Collecting msgpack==1.2.2 (from -r requirements-quality.txt (line 332))
  Using cached msgpack-1.2.2-cp313-cp313-macosx_11_0_arm64.whl (83 kB)
Collecting mypy==1.18.2 (from -r requirements-quality.txt (line 422))
  Using cached mypy-1.18.2-cp313-cp313-macosx_11_0_arm64.whl (11.9 MB)
Collecting mypy-extensions==1.1.0 (from -r requirements-quality.txt (line 462))
  Using cached mypy_extensions-1.1.0-py3-none-any.whl (5.0 kB)
Collecting packageurl-python==0.17.6 (from -r requirements-quality.txt (line 466))
  Using cached packageurl_python-0.17.6-py3-none-any.whl (36 kB)
Collecting packaging==26.3 (from -r requirements-quality.txt (line 470))
  Using cached packaging-26.3-py3-none-any.whl (129 kB)
Collecting pathspec==1.1.1 (from -r requirements-quality.txt (line 478))
  Using cached pathspec-1.1.1-py3-none-any.whl (57 kB)
Collecting pip-api==0.0.35 (from -r requirements-quality.txt (line 482))
  Using cached pip_api-0.0.35-py3-none-any.whl (123 kB)
Collecting pip-audit==2.10.1 (from -r requirements-quality.txt (line 486))
  Using cached pip_audit-2.10.1-py3-none-any.whl (62 kB)
Collecting pip-requirements-parser==32.0.1 (from -r requirements-quality.txt (line 490))
  Using cached pip_requirements_parser-32.0.1-py3-none-any.whl (35 kB)
Collecting pip-tools==7.6.1 (from -r requirements-quality.txt (line 494))
  Using cached pip_tools-7.6.1-py3-none-any.whl (74 kB)
Collecting platformdirs==4.11.11 (from -r requirements-quality.txt (line 498))
  Using cached platformdirs-4.11.11-py3-none-any.whl (24 kB)
Collecting playwright==1.63.0 (from -r requirements-quality.txt (line 502))
  Downloading playwright-1.63.0-py3-none-macosx_11_0_arm64.whl (42.9 MB)
     ━━━━━━━━━━━━━━━━━━━━━━━━━━━━━━━━━━━━━━━━ 42.9/42.9 MB 10.2 MB/s eta 0:00:00
Collecting py-serializable==2.1.0 (from -r requirements-quality.txt (line 512))
  Using cached py_serializable-2.1.0-py3-none-any.whl (23 kB)
Collecting pyee==13.0.1 (from -r requirements-quality.txt (line 516))
  Downloading pyee-13.0.1-py3-none-any.whl (15 kB)
Collecting pygments==2.21.0 (from -r requirements-quality.txt (line 520))
  Using cached pygments-2.21.0-py3-none-any.whl (1.3 MB)
Collecting pyparsing==3.3.2 (from -r requirements-quality.txt (line 524))
  Using cached pyparsing-3.3.2-py3-none-any.whl (122 kB)
Collecting pyproject-hooks==1.3.3 (from -r requirements-quality.txt (line 528))
  Using cached pyproject_hooks-1.3.3-py3-none-any.whl (10 kB)
Collecting pyyaml==6.0.3 (from -r requirements-quality.txt (line 534))
  Using cached pyyaml-6.0.3-cp313-cp313-macosx_11_0_arm64.whl (173 kB)
Collecting referencing==0.37.0 (from -r requirements-quality.txt (line 609))
  Using cached referencing-0.37.0-py3-none-any.whl (26 kB)
Collecting requests==2.34.2 (from -r requirements-quality.txt (line 615))
  Using cached requests-2.34.2-py3-none-any.whl (73 kB)
Collecting rich==15.0.0 (from -r requirements-quality.txt (line 621))
  Using cached rich-15.0.0-py3-none-any.whl (310 kB)
Collecting rpds-py==2026.6.3 (from -r requirements-quality.txt (line 627))
  Using cached rpds_py-2026.6.3-cp313-cp313-macosx_11_0_arm64.whl (338 kB)
Collecting ruff==0.15.16 (from -r requirements-quality.txt (line 747))
  Using cached ruff-0.15.16-py3-none-macosx_11_0_arm64.whl (10.4 MB)
Collecting sortedcontainers==2.4.0 (from -r requirements-quality.txt (line 767))
  Using cached sortedcontainers-2.4.0-py2.py3-none-any.whl (29 kB)
Collecting stevedore==5.9.1 (from -r requirements-quality.txt (line 771))
  Using cached stevedore-5.9.1-py3-none-any.whl (54 kB)
Collecting tomli==2.4.1 (from -r requirements-quality.txt (line 775))
  Using cached tomli-2.4.1-cp313-cp313-macosx_11_0_arm64.whl (149 kB)
Collecting tomli-w==1.2.0 (from -r requirements-quality.txt (line 824))
  Using cached tomli_w-1.2.0-py3-none-any.whl (6.7 kB)
Collecting typing-extensions==4.16.0 (from -r requirements-quality.txt (line 828))
  Using cached typing_extensions-4.16.0-py3-none-any.whl (45 kB)
Collecting urllib3==2.8.0 (from -r requirements-quality.txt (line 834))
  Using cached urllib3-2.8.0-py3-none-any.whl (135 kB)
Collecting wheel==0.48.0 (from -r requirements-quality.txt (line 838))
  Using cached wheel-0.48.0-py3-none-any.whl (33 kB)
Requirement already satisfied: pip in <workspace>/.tools/coordination-quality-venv/lib/python3.13/site-packages (from pip-api==0.0.35->-r requirements-quality.txt (line 482)) (24.2)
Collecting setuptools (from pip-tools==7.6.1->-r requirements-quality.txt (line 494))

[notice] A new release of pip is available: 24.2 -> 26.2.1
[notice] To update, run: <workspace>/.tools/coordination-quality-venv/bin/python -m pip install --upgrade pip
ERROR: In --require-hashes mode, all requirements must have their versions pinned with ==. These do not:
    setuptools from https://files.pythonhosted.org/packages/95/9c/c510029fc6ef33a6275cd2c5d3cecd6613dfd6aa401d57c54f1c18852ccf/setuptools-84.0.0-py3-none-any.whl (from pip-tools==7.6.1->-r requirements-quality.txt (line 494))
