Traceback (most recent call last):
  File "<stdin>", line 3, in <module>
  File "<workspace>/.tools/coordination-quality-venv/lib/python3.13/site-packages/yaml/__init__.py", line 125, in safe_load
    return load(stream, SafeLoader)
  File "<workspace>/.tools/coordination-quality-venv/lib/python3.13/site-packages/yaml/__init__.py", line 81, in load
    return loader.get_single_data()
           ~~~~~~~~~~~~~~~~~~~~~~^^
  File "<workspace>/.tools/coordination-quality-venv/lib/python3.13/site-packages/yaml/constructor.py", line 49, in get_single_data
    node = self.get_single_node()
  File "<workspace>/.tools/coordination-quality-venv/lib/python3.13/site-packages/yaml/composer.py", line 36, in get_single_node
    document = self.compose_document()
  File "<workspace>/.tools/coordination-quality-venv/lib/python3.13/site-packages/yaml/composer.py", line 55, in compose_document
    node = self.compose_node(None, None)
  File "<workspace>/.tools/coordination-quality-venv/lib/python3.13/site-packages/yaml/composer.py", line 84, in compose_node
    node = self.compose_mapping_node(anchor)
  File "<workspace>/.tools/coordination-quality-venv/lib/python3.13/site-packages/yaml/composer.py", line 133, in compose_mapping_node
    item_value = self.compose_node(node, item_key)
  File "<workspace>/.tools/coordination-quality-venv/lib/python3.13/site-packages/yaml/composer.py", line 84, in compose_node
    node = self.compose_mapping_node(anchor)
  File "<workspace>/.tools/coordination-quality-venv/lib/python3.13/site-packages/yaml/composer.py", line 133, in compose_mapping_node
    item_value = self.compose_node(node, item_key)
  File "<workspace>/.tools/coordination-quality-venv/lib/python3.13/site-packages/yaml/composer.py", line 84, in compose_node
    node = self.compose_mapping_node(anchor)
  File "<workspace>/.tools/coordination-quality-venv/lib/python3.13/site-packages/yaml/composer.py", line 133, in compose_mapping_node
    item_value = self.compose_node(node, item_key)
  File "<workspace>/.tools/coordination-quality-venv/lib/python3.13/site-packages/yaml/composer.py", line 82, in compose_node
    node = self.compose_sequence_node(anchor)
  File "<workspace>/.tools/coordination-quality-venv/lib/python3.13/site-packages/yaml/composer.py", line 111, in compose_sequence_node
    node.value.append(self.compose_node(node, index))
                      ~~~~~~~~~~~~~~~~~^^^^^^^^^^^^^
  File "<workspace>/.tools/coordination-quality-venv/lib/python3.13/site-packages/yaml/composer.py", line 84, in compose_node
    node = self.compose_mapping_node(anchor)
  File "<workspace>/.tools/coordination-quality-venv/lib/python3.13/site-packages/yaml/composer.py", line 127, in compose_mapping_node
    while not self.check_event(MappingEndEvent):
              ~~~~~~~~~~~~~~~~^^^^^^^^^^^^^^^^^
  File "<workspace>/.tools/coordination-quality-venv/lib/python3.13/site-packages/yaml/parser.py", line 98, in check_event
    self.current_event = self.state()
                         ~~~~~~~~~~^^
  File "<workspace>/.tools/coordination-quality-venv/lib/python3.13/site-packages/yaml/parser.py", line 428, in parse_block_mapping_key
    if self.check_token(KeyToken):
       ~~~~~~~~~~~~~~~~^^^^^^^^^^
  File "<workspace>/.tools/coordination-quality-venv/lib/python3.13/site-packages/yaml/scanner.py", line 116, in check_token
    self.fetch_more_tokens()
    ~~~~~~~~~~~~~~~~~~~~~~^^
  File "<workspace>/.tools/coordination-quality-venv/lib/python3.13/site-packages/yaml/scanner.py", line 223, in fetch_more_tokens
    return self.fetch_value()
           ~~~~~~~~~~~~~~~~^^
  File "<workspace>/.tools/coordination-quality-venv/lib/python3.13/site-packages/yaml/scanner.py", line 577, in fetch_value
    raise ScannerError(None, None,
            "mapping values are not allowed here",
            self.get_mark())
yaml.scanner.ScannerError: mapping values are not allowed here
  in "<unicode string>", line 51, column 71:
     ... equire-hashes --only-binary=:all: --index-url https://pypi.org/s ...
                                         ^
