2026-09-19T20:25:37.7513045Z test_keyboard_cancellation_reaps_process_and_closes_port (test_anvil_lifecycle.AnvilLifecycleTests.test_keyboard_cancellation_reaps_process_and_closes_port) ... ok
2026-09-19T20:25:38.0396183Z test_missing_receipt_fails_whole_run_and_cleans_up (test_anvil_lifecycle.AnvilLifecycleTests.test_missing_receipt_fails_whole_run_and_cleans_up) ... ok
2026-09-19T20:25:38.3126319Z test_rejected_transaction_is_not_a_revert_or_success (test_anvil_lifecycle.AnvilLifecycleTests.test_rejected_transaction_is_not_a_revert_or_success) ... ok
2026-09-19T20:25:38.4537701Z test_rpc_fault_reaps_process_and_closes_port (test_anvil_lifecycle.AnvilLifecycleTests.test_rpc_fault_reaps_process_and_closes_port) ... ok
2026-09-19T20:25:38.7182207Z test_simultaneous_nodes_have_isolated_mutable_state (test_anvil_lifecycle.AnvilLifecycleTests.test_simultaneous_nodes_have_isolated_mutable_state) ... ok
2026-09-19T20:25:38.7511983Z test_startup_cancellation_reaps_real_subprocess (test_anvil_lifecycle.AnvilLifecycleTests.test_startup_cancellation_reaps_real_subprocess) ... ok
2026-09-19T20:25:38.7848856Z test_startup_timeout_reaps_real_subprocess (test_anvil_lifecycle.AnvilLifecycleTests.test_startup_timeout_reaps_real_subprocess) ... ok
2026-09-19T20:25:38.7872926Z test_auth (test_api.APITests.test_auth) ... ok
2026-09-19T20:25:38.7885890Z test_browser_request_rejected (test_api.APITests.test_browser_request_rejected) ... ok
2026-09-19T20:25:38.7896152Z test_concurrency_limit (test_api.APITests.test_concurrency_limit) ... ok
2026-09-19T20:25:38.7907199Z test_content_type (test_api.APITests.test_content_type) ... ok
2026-09-19T20:25:38.7916770Z test_dns_rebinding_guard (test_api.APITests.test_dns_rebinding_guard) ... ok
2026-09-19T20:25:38.7927056Z test_health (test_api.APITests.test_health) ... ok
2026-09-19T20:25:38.7941249Z test_invalid_scenario (test_api.APITests.test_invalid_scenario) ... ok
2026-09-19T20:25:38.7954822Z test_missing_report (test_api.APITests.test_missing_report) ... ok
2026-09-19T20:25:38.7963933Z test_path_traversal (test_api.APITests.test_path_traversal) ... ok
2026-09-19T20:25:38.7974866Z test_payload_limit (test_api.APITests.test_payload_limit) ... ok
2026-09-19T20:25:38.8000534Z test_report_filename_must_match_content_hash (test_api.APITests.test_report_filename_must_match_content_hash) ... ok
2026-09-19T20:25:38.8069071Z test_roundtrip (test_api.APITests.test_roundtrip) ... ok
2026-09-19T20:25:40.0103241Z test_absolute_deadline_closes_idle_socket_and_returns_capacity (test_api_limits.APILimitTests.test_absolute_deadline_closes_idle_socket_and_returns_capacity) ... ok
2026-09-19T20:25:40.5183697Z test_eight_idle_connections_bound_handlers_and_recover (test_api_limits.APILimitTests.test_eight_idle_connections_bound_handlers_and_recover) ... ok
2026-09-19T20:25:41.0226210Z test_exclusive_store_lock_returns_503_then_recovers (test_api_limits.APILimitTests.test_exclusive_store_lock_returns_503_then_recovers) ... ok
2026-09-19T20:25:41.5307114Z test_full_store_returns_507_and_retains_saved_report (test_api_limits.APILimitTests.test_full_store_returns_507_and_retains_saved_report) ... ok
2026-09-19T20:25:42.1366332Z test_overload_client_that_never_sends_cannot_block_accept_loop (test_api_limits.APILimitTests.test_overload_client_that_never_sends_cannot_block_accept_loop) ... ok
2026-09-19T20:25:42.6723719Z test_overload_response_survives_post_body_sent_after_headers (test_api_limits.APILimitTests.test_overload_response_survives_post_body_sent_after_headers) ... ok
2026-09-19T20:25:43.1759854Z test_oversized_stored_file_and_symlink_are_not_served (test_api_limits.APILimitTests.test_oversized_stored_file_and_symlink_are_not_served) ... ok
2026-09-19T20:25:43.7816505Z test_rejected_trickle_cannot_extend_accept_loop_grace (test_api_limits.APILimitTests.test_rejected_trickle_cannot_extend_accept_loop_grace) ... ok
2026-09-19T20:25:44.5357244Z test_slow_header_progress_does_not_extend_absolute_deadline (test_api_limits.APILimitTests.test_slow_header_progress_does_not_extend_absolute_deadline) ... ok
2026-09-19T20:25:44.5381741Z test_disk_failure_preserves_previous_report_and_removes_temp (test_artifact_storage.ArtifactWriteTests.test_disk_failure_preserves_previous_report_and_removes_temp) ... ok
2026-09-19T20:25:44.6167295Z test_oversized_export_does_not_replace_existing_report (test_artifact_storage.ArtifactWriteTests.test_oversized_export_does_not_replace_existing_report) ... ok
2026-09-19T20:25:44.6181471Z test_predictable_temp_symlink_is_not_followed (test_artifact_storage.ArtifactWriteTests.test_predictable_temp_symlink_is_not_followed) ... ok
2026-09-19T20:25:45.1215858Z test_api_default_rejects_missing_worker_without_saving_report (test_default_execution.DefaultExecutionTests.test_api_default_rejects_missing_worker_without_saving_report) ... ok
2026-09-19T20:25:45.2216121Z test_cli_default_rejects_missing_worker_without_replacing_export (test_default_execution.DefaultExecutionTests.test_cli_default_rejects_missing_worker_without_replacing_export) ... ok
2026-09-19T20:25:45.3200814Z test_native_requires_explicit_opt_in_and_preserves_fixture_result (test_default_execution.DefaultExecutionTests.test_native_requires_explicit_opt_in_and_preserves_fixture_result) ... ok
2026-09-19T20:25:45.3213624Z test_public_runner_never_falls_back_when_worker_is_unavailable (test_default_execution.DefaultExecutionTests.test_public_runner_never_falls_back_when_worker_is_unavailable) ... ok
2026-09-19T20:25:45.4167807Z test_scenario_fifo_is_rejected_without_waiting_for_a_writer (test_default_execution.DefaultExecutionTests.test_scenario_fifo_is_rejected_without_waiting_for_a_writer) ... ok
2026-09-19T20:25:45.4169518Z test_abi_unsigned_bounds (test_defi.DefiBoundaryTests.test_abi_unsigned_bounds) ... ok
2026-09-19T20:25:45.4179299Z test_approve_is_exact_amount_and_spender (test_defi.DefiBoundaryTests.test_approve_is_exact_amount_and_spender) ... ok
2026-09-19T20:25:45.4180348Z test_fixture_cannot_request_token_rpc_reads (test_defi.DefiBoundaryTests.test_fixture_cannot_request_token_rpc_reads) ... ok
2026-09-19T20:25:45.4182074Z test_nonstandard_token_does_not_silently_report_zero (test_defi.DefiBoundaryTests.test_nonstandard_token_does_not_silently_report_zero) ... ok
2026-09-19T20:25:45.4272357Z test_swap_encoding_matches_solidity_abi_tool (test_defi.DefiBoundaryTests.test_swap_encoding_matches_solidity_abi_tool) ... ok
2026-09-19T20:25:45.4279441Z test_token_metadata_bounds_and_uniqueness (test_defi.DefiBoundaryTests.test_token_metadata_bounds_and_uniqueness) ... ok
2026-09-19T20:25:45.6959252Z test_real_storage_and_token_deltas_are_branch_isolated (test_defi.RealTokenTests.test_real_storage_and_token_deltas_are_branch_isolated) ... ok
2026-09-19T20:25:45.8262767Z test_wrong_decimal_pin_fails_execution (test_defi.RealTokenTests.test_wrong_decimal_pin_fails_execution) ... ok
2026-09-19T20:25:46.0937088Z test_native_transfer_and_revert (test_engine.ActualAnvilTests.test_native_transfer_and_revert) ... ok
2026-09-19T20:25:46.0943559Z test_assumptions_visible (test_engine.FixtureTests.test_assumptions_visible) ... ok
2026-09-19T20:25:46.0948234Z test_breaker_sells_once (test_engine.FixtureTests.test_breaker_sells_once) ... ok
2026-09-19T20:25:46.0953178Z test_cost_accounting (test_engine.FixtureTests.test_cost_accounting) ... ok
2026-09-19T20:25:46.0961865Z test_deterministic (test_engine.FixtureTests.test_deterministic) ... ok
2026-09-19T20:25:46.0965479Z test_drawdown (test_engine.FixtureTests.test_drawdown) ... ok
2026-09-19T20:25:46.0969020Z test_flat_has_zero_drawdown (test_engine.FixtureTests.test_flat_has_zero_drawdown) ... ok
2026-09-19T20:25:46.0973492Z test_hold_value (test_engine.FixtureTests.test_hold_value) ... ok
2026-09-19T20:25:46.0978930Z test_input_unchanged (test_engine.FixtureTests.test_input_unchanged) ... ok
2026-09-19T20:25:46.0982814Z test_integrity (test_engine.FixtureTests.test_integrity) ... ok
2026-09-19T20:25:46.0983354Z test_missing_hash (test_engine.FixtureTests.test_missing_hash) ... ok
2026-09-19T20:25:46.0990856Z test_no_future_lookahead (test_engine.FixtureTests.test_no_future_lookahead) ... ok
2026-09-19T20:25:46.0991704Z test_nonfinite_hash (test_engine.FixtureTests.test_nonfinite_hash) ... ok
2026-09-19T20:25:46.0992586Z test_order_independent_hash (test_engine.FixtureTests.test_order_independent_hash) ... ok
2026-09-19T20:25:46.0993716Z test_policy_only_receives_observation (test_engine.FixtureTests.test_policy_only_receives_observation) ... ok
2026-09-19T20:25:46.0995623Z test_recovery_can_lose (test_engine.FixtureTests.test_recovery_can_lose) ... ok
2026-09-19T20:25:46.0999929Z test_same_policy_same_result (test_engine.FixtureTests.test_same_policy_same_result) ... ok
2026-09-19T20:25:46.1003864Z test_sell_after_observed_drop (test_engine.FixtureTests.test_sell_after_observed_drop) ... ok
2026-09-19T20:25:46.1010045Z test_shorter_prefix_same_actions (test_engine.FixtureTests.test_shorter_prefix_same_actions) ... ok
2026-09-19T20:25:46.1014469Z test_tamper (test_engine.FixtureTests.test_tamper) ... ok
2026-09-19T20:25:46.1015163Z test_wrong_version (test_engine.FixtureTests.test_wrong_version) ... ok
2026-09-19T20:25:46.1019182Z test_zero_units_cash_only (test_engine.FixtureTests.test_zero_units_cash_only) ... ok
2026-09-19T20:25:46.1191059Z test_local_cannot_submit_raw (test_engine.SafetyTests.test_local_cannot_submit_raw) ... ok
2026-09-19T20:25:46.1192163Z test_local_client_rejects_remote (test_engine.SafetyTests.test_local_client_rejects_remote) ... ok
2026-09-19T20:25:46.1196308Z test_missing_anvil_not_fake_success (test_engine.SafetyTests.test_missing_anvil_not_fake_success) ... ok
2026-09-19T20:25:46.1204535Z test_missing_rpc_not_fake_success (test_engine.SafetyTests.test_missing_rpc_not_fake_success) ... ok
2026-09-19T20:25:46.1415816Z test_no_upstream_transaction_submission (test_engine.SafetyTests.test_no_upstream_transaction_submission) ... ok
2026-09-19T20:25:46.1416874Z test_no_url_userinfo (test_engine.SafetyTests.test_no_url_userinfo) ... ok
2026-09-19T20:25:46.1445032Z test_pinned_block_mismatch (test_engine.SafetyTests.test_pinned_block_mismatch) ... ok
2026-09-19T20:25:46.1456481Z test_resolved_source_excludes_rpc_secret (test_engine.SafetyTests.test_resolved_source_excludes_rpc_secret) ... ok
2026-09-19T20:25:46.1468735Z test_source_chain_mismatch (test_engine.SafetyTests.test_source_chain_mismatch) ... ok
2026-09-19T20:25:46.1471680Z test_action_cannot_supply_from (test_engine.ValidationTests.test_action_cannot_supply_from) ... ok
2026-09-19T20:25:46.1472997Z test_bad_address (test_engine.ValidationTests.test_bad_address) ... ok
2026-09-19T20:25:46.1475209Z test_bool_not_integer (test_engine.ValidationTests.test_bool_not_integer) ... ok
2026-09-19T20:25:46.1476767Z test_decimal_wei_rejected (test_engine.ValidationTests.test_decimal_wei_rejected) ... ok
2026-09-19T20:25:46.1478617Z test_empty_wallet (test_engine.ValidationTests.test_empty_wallet) ... ok
2026-09-19T20:25:46.1481098Z test_excessive_steps (test_engine.ValidationTests.test_excessive_steps) ... ok
2026-09-19T20:25:46.1482519Z test_fake_historical_fixture (test_engine.ValidationTests.test_fake_historical_fixture) ... ok
2026-09-19T20:25:46.1483945Z test_fixture_rejects_evm_fields (test_engine.ValidationTests.test_fixture_rejects_evm_fields) ... ok
2026-09-19T20:25:46.1485542Z test_float_money_rejected (test_engine.ValidationTests.test_float_money_rejected) ... ok
2026-09-19T20:25:46.1487265Z test_fork_rejects_code_override (test_engine.ValidationTests.test_fork_rejects_code_override) ... ok
2026-09-19T20:25:46.1488862Z test_fork_scenario (test_engine.ValidationTests.test_fork_scenario) ... ok
2026-09-19T20:25:46.1489622Z test_infinity (test_engine.ValidationTests.test_infinity) ... ok
2026-09-19T20:25:46.1491095Z test_local_scenario (test_engine.ValidationTests.test_local_scenario) ... ok
2026-09-19T20:25:46.1492516Z test_missing_provenance (test_engine.ValidationTests.test_missing_provenance) ... ok
2026-09-19T20:25:46.1493272Z test_nan (test_engine.ValidationTests.test_nan) ... ok
2026-09-19T20:25:46.1493962Z test_negative_money (test_engine.ValidationTests.test_negative_money) ... ok
2026-09-19T20:25:46.1495061Z test_odd_hex (test_engine.ValidationTests.test_odd_hex) ... ok
2026-09-19T20:25:46.1496740Z test_oversized_gas (test_engine.ValidationTests.test_oversized_gas) ... ok
2026-09-19T20:25:46.1497280Z test_precision_limit (test_engine.ValidationTests.test_precision_limit) ... ok
2026-09-19T20:25:46.1498920Z test_target_allowlist (test_engine.ValidationTests.test_target_allowlist) ... ok
2026-09-19T20:25:46.1500530Z test_unknown_field (test_engine.ValidationTests.test_unknown_field) ... ok
2026-09-19T20:25:46.1502509Z test_unknown_policy (test_engine.ValidationTests.test_unknown_policy) ... ok
2026-09-19T20:25:46.1503753Z test_zero_price (test_engine.ValidationTests.test_zero_price) ... ok
2026-09-19T20:25:46.1533893Z test_admission_query_fails_closed (test_isolated.IsolatedProtocolTests.test_admission_query_fails_closed) ... ok
2026-09-19T20:25:46.1854252Z test_busy_preflight_does_not_launch_or_remove_another_owner (test_isolated.IsolatedProtocolTests.test_busy_preflight_does_not_launch_or_remove_another_owner) ... ok
2026-09-19T20:25:46.2163657Z test_cleanup_failure_is_explicit (test_isolated.IsolatedProtocolTests.test_cleanup_failure_is_explicit) ... ok
2026-09-19T20:25:46.2779025Z test_cleanup_never_removes_a_foreign_owner (test_isolated.IsolatedProtocolTests.test_cleanup_never_removes_a_foreign_owner) ... ok
2026-09-19T20:25:46.4308582Z test_created_worker_failure_is_not_misreported_as_busy (test_isolated.IsolatedProtocolTests.test_created_worker_failure_is_not_misreported_as_busy) ... ok
2026-09-19T20:25:46.4326515Z test_image_must_be_immutable_and_network_is_mode_bound (test_isolated.IsolatedProtocolTests.test_image_must_be_immutable_and_network_is_mode_bound) ... ok
2026-09-19T20:25:46.4344625Z test_input_budget_is_checked_before_launch (test_isolated.IsolatedProtocolTests.test_input_budget_is_checked_before_launch) ... ok
2026-09-19T20:25:46.8899510Z test_invalid_or_wrong_scenario_response_fails_closed (test_isolated.IsolatedProtocolTests.test_invalid_or_wrong_scenario_response_fails_closed) ... ok
2026-09-19T20:25:46.8923894Z test_late_cleanup_removes_immutable_id_not_replacement_name (test_isolated.IsolatedProtocolTests.test_late_cleanup_removes_immutable_id_not_replacement_name) ... ok
2026-09-19T20:25:46.8951878Z test_missing_kernel_controls_are_rejected (test_isolated.IsolatedProtocolTests.test_missing_kernel_controls_are_rejected) ... ok
2026-09-19T20:25:47.0480731Z test_output_budget_stops_reader_and_cleans_up (test_isolated.IsolatedProtocolTests.test_output_budget_stops_reader_and_cleans_up) ... ok
2026-09-19T20:25:47.1688205Z test_race_conflict_never_removes_winner (test_isolated.IsolatedProtocolTests.test_race_conflict_never_removes_winner) ... ok
2026-09-19T20:25:47.4443839Z test_timeout_terminates_client_and_requests_container_removal (test_isolated.IsolatedProtocolTests.test_timeout_terminates_client_and_requests_container_removal) ... ok
2026-09-19T20:25:47.5953293Z test_valid_response_matches_and_removes_owned_container (test_isolated.IsolatedProtocolTests.test_valid_response_matches_and_removes_owned_container) ... ok
2026-09-19T20:25:47.5954897Z test_lifetime_cannot_be_unbounded_or_nonfinite (test_process_guardian.GuardianInputTests.test_lifetime_cannot_be_unbounded_or_nonfinite) ... ok
2026-09-19T20:25:47.7669280Z test_killed_guardian_is_cleaned_by_owner_context (test_process_guardian.GuardianTests.test_killed_guardian_is_cleaned_by_owner_context) ... ok
2026-09-19T20:25:48.8113499Z test_lifetime_expires_without_owner_cooperation (test_process_guardian.GuardianTests.test_lifetime_expires_without_owner_cooperation) ... ok
2026-09-19T20:25:48.9436853Z test_ordinary_context_reaps_guardian_and_anvil (test_process_guardian.GuardianTests.test_ordinary_context_reaps_guardian_and_anvil) ... ok
2026-09-19T20:25:49.4214617Z test_sigterm_and_sigkill_owner_close_the_owned_node (test_process_guardian.GuardianTests.test_sigterm_and_sigkill_owner_close_the_owned_node) ... ok
2026-09-19T20:25:49.4220683Z test_build_and_runtime_dependencies_must_be_in_lock (test_quality_gates.QualityPolicyTests.test_build_and_runtime_dependencies_must_be_in_lock) ... ok
2026-09-19T20:25:49.4221901Z test_empty_partial_or_failed_scans_fail (test_quality_gates.QualityPolicyTests.test_empty_partial_or_failed_scans_fail) ... ok
2026-09-19T20:25:49.4223247Z test_locked_extras_are_counted_as_audited_packages (test_quality_gates.QualityPolicyTests.test_locked_extras_are_counted_as_audited_packages) ... ok
2026-09-19T20:25:49.4224130Z test_missing_review_reason_fails (test_quality_gates.QualityPolicyTests.test_missing_review_reason_fails) ... ok
2026-09-19T20:25:49.4225317Z test_new_or_disappeared_findings_fail (test_quality_gates.QualityPolicyTests.test_new_or_disappeared_findings_fail) ... ok
2026-09-19T20:25:49.4228060Z test_only_exact_reviewed_findings_pass (test_quality_gates.QualityPolicyTests.test_only_exact_reviewed_findings_pass) ... ok
2026-09-19T20:25:49.4229425Z test_optional_runtime_dependencies_are_not_missed (test_quality_gates.QualityPolicyTests.test_optional_runtime_dependencies_are_not_missed) ... ok
2026-09-19T20:25:49.4403183Z test_error_message_and_data_are_never_echoed (test_rpc_diagnostics.RPCDiagnosticTests.test_error_message_and_data_are_never_echoed) ... ok
2026-09-19T20:25:49.4576049Z test_non_object_error_does_not_echo_untrusted_text (test_rpc_diagnostics.RPCDiagnosticTests.test_non_object_error_does_not_echo_untrusted_text) ... ok
2026-09-19T20:25:49.5141569Z test_untrusted_code_cannot_enter_diagnostics (test_rpc_diagnostics.RPCDiagnosticTests.test_untrusted_code_cannot_enter_diagnostics) ... ok
2026-09-19T20:25:49.5165498Z test_count_budget_and_full_store_idempotence (test_store.StoreTests.test_count_budget_and_full_store_idempotence) ... ok
2026-09-19T20:25:49.5172305Z test_default_128_mib_budget_counts_existing_and_crash_files (test_store.StoreTests.test_default_128_mib_budget_counts_existing_and_crash_files) ... ok
2026-09-19T20:25:49.5248002Z test_default_file_budget_counts_unrelated_files (test_store.StoreTests.test_default_file_budget_counts_unrelated_files) ... ok
2026-09-19T20:25:49.5265076Z test_exact_byte_budget_and_no_temporary_overrun (test_store.StoreTests.test_exact_byte_budget_and_no_temporary_overrun) ... ok
2026-09-19T20:25:49.5288514Z test_failed_atomic_replace_leaves_no_partial_artifact (test_store.StoreTests.test_failed_atomic_replace_leaves_no_partial_artifact) ... ok
2026-09-19T20:25:49.6039780Z test_oversized_report_and_read_are_rejected (test_store.StoreTests.test_oversized_report_and_read_are_rejected) ... ok
2026-09-19T20:25:49.6050452Z test_symlink_fifo_and_hash_mismatch_are_rejected (test_store.StoreTests.test_symlink_fifo_and_hash_mismatch_are_rejected) ... ok
2026-09-19T20:25:49.8453953Z test_two_real_processes_cannot_overrun_one_file_budget (test_store.StoreTests.test_two_real_processes_cannot_overrun_one_file_budget) ... ok
2026-09-19T20:25:49.8455218Z Ran 135 tests in 12.225s
2026-09-19T20:25:49.8455479Z OK
