test_failed_replace_preserves_destination_and_removes_temp (test_export.ExportTests.test_failed_replace_preserves_destination_and_removes_temp) ... FAIL
test_oversized_export_preserves_previous_destination (test_export.ExportTests.test_oversized_export_preserves_previous_destination) ... FAIL
test_successful_export_is_complete_and_verified (test_export.ExportTests.test_successful_export_is_complete_and_verified) ... ok

======================================================================
FAIL: test_failed_replace_preserves_destination_and_removes_temp (test_export.ExportTests.test_failed_replace_preserves_destination_and_removes_temp)
----------------------------------------------------------------------
Traceback (most recent call last):
  File "/workspace/cli/tests/test_export.py", line 54, in test_failed_replace_preserves_destination_and_removes_temp
    self.assertEqual(code, 1)
    ~~~~~~~~~~~~~~~~^^^^^^^^^
AssertionError: 0 != 1

======================================================================
FAIL: test_oversized_export_preserves_previous_destination (test_export.ExportTests.test_oversized_export_preserves_previous_destination)
----------------------------------------------------------------------
Traceback (most recent call last):
  File "/workspace/cli/tests/test_export.py", line 35, in test_oversized_export_preserves_previous_destination
    self.assertEqual(code, 1)
    ~~~~~~~~~~~~~~~~^^^^^^^^^
AssertionError: 0 != 1

----------------------------------------------------------------------
Ran 3 tests in 0.190s

FAILED (failures=2)
