src/entrotter_engine/models.py:29: error: Unsupported operand types for < ("Literal['n']" and "int")  [operator]
src/entrotter_engine/models.py:29: error: Unsupported operand types for < ("Literal['N']" and "int")  [operator]
src/entrotter_engine/models.py:29: error: Unsupported operand types for < ("Literal['F']" and "int")  [operator]
src/entrotter_engine/models.py:29: note: Left operand is of type "Literal['n', 'N', 'F'] | int"
src/entrotter_engine/fixture.py:92: error: Argument 1 to "Decimal" has incompatible type "object"; expected "Decimal | float | str | tuple[int, Sequence[int], int]"  [arg-type]
src/entrotter_engine/evm.py:66: error: List item 1 has incompatible type "str | None"; expected "str"  [list-item]
src/entrotter_engine/evm.py:74: error: Incompatible types in assignment (expression has type "Popen[bytes]", variable has type "None")  [assignment]
src/entrotter_engine/evm.py:81: error: Incompatible types in assignment (expression has type "RPC", variable has type "None")  [assignment]
src/entrotter_engine/evm.py:85: error: "None" has no attribute "poll"  [attr-defined]
src/entrotter_engine/evm.py:90: error: "None" has no attribute "call"  [attr-defined]
src/entrotter_engine/evm.py:91: error: "None" has no attribute "call"  [attr-defined]
src/entrotter_engine/evm.py:124: error: "None" has no attribute "pid"  [attr-defined]
src/entrotter_engine/isolated.py:135: error: Argument 1 to "register" of "_BaseSelectorImpl" has incompatible type "IO[bytes] | None"; expected "int | HasFileno"  [arg-type]
src/entrotter_engine/isolated.py:141: error: Item "int" of "int | HasFileno" has no attribute "fileno"  [union-attr]
src/entrotter_engine/isolated.py:178: error: Incompatible types in assignment (expression has type "CompletedProcess[bytes]", variable has type "float")  [assignment]
src/entrotter_engine/isolated.py:193: error: "float" has no attribute "returncode"  [attr-defined]
src/entrotter_engine/isolated.py:194: error: "float" has no attribute "stdout"  [attr-defined]
src/entrotter_engine/isolated.py:206: error: Item "None" of "IO[bytes] | None" has no attribute "close"  [union-attr]
scripts/build_worker.py:66: error: Item "None" of "IO[bytes] | None" has no attribute "__enter__"  [union-attr]
scripts/build_worker.py:66: error: Item "None" of "IO[bytes] | None" has no attribute "__exit__"  [union-attr]
Found 19 errors in 5 files (checked 15 source files)
