evm	Verify real local Anvil without any mainnet keys	2026-09-19T18:41:29.9197702Z test_keyboard_cancellation_reaps_process_and_closes_port (test_anvil_lifecycle.AnvilLifecycleTests.test_keyboard_cancellation_reaps_process_and_closes_port) ... ok
evm	Verify real local Anvil without any mainnet keys	2026-09-19T18:41:30.1988695Z test_missing_receipt_fails_whole_run_and_cleans_up (test_anvil_lifecycle.AnvilLifecycleTests.test_missing_receipt_fails_whole_run_and_cleans_up) ... ok
evm	Verify real local Anvil without any mainnet keys	2026-09-19T18:41:30.4803222Z test_rejected_transaction_is_not_a_revert_or_success (test_anvil_lifecycle.AnvilLifecycleTests.test_rejected_transaction_is_not_a_revert_or_success) ... ok
evm	Verify real local Anvil without any mainnet keys	2026-09-19T18:41:30.6169888Z test_rpc_fault_reaps_process_and_closes_port (test_anvil_lifecycle.AnvilLifecycleTests.test_rpc_fault_reaps_process_and_closes_port) ... ok
evm	Verify real local Anvil without any mainnet keys	2026-09-19T18:41:30.8743744Z test_simultaneous_nodes_have_isolated_mutable_state (test_anvil_lifecycle.AnvilLifecycleTests.test_simultaneous_nodes_have_isolated_mutable_state) ... ok
evm	Verify real local Anvil without any mainnet keys	2026-09-19T18:41:30.9098898Z test_startup_cancellation_reaps_real_subprocess (test_anvil_lifecycle.AnvilLifecycleTests.test_startup_cancellation_reaps_real_subprocess) ... ok
evm	Verify real local Anvil without any mainnet keys	2026-09-19T18:41:30.9441233Z test_startup_timeout_reaps_real_subprocess (test_anvil_lifecycle.AnvilLifecycleTests.test_startup_timeout_reaps_real_subprocess) ... ok
evm	Verify real local Anvil without any mainnet keys	2026-09-19T18:41:30.9467233Z test_auth (test_api.APITests.test_auth) ... ok
evm	Verify real local Anvil without any mainnet keys	2026-09-19T18:41:30.9480234Z test_browser_request_rejected (test_api.APITests.test_browser_request_rejected) ... ok
evm	Verify real local Anvil without any mainnet keys	2026-09-19T18:41:30.9492886Z test_concurrency_limit (test_api.APITests.test_concurrency_limit) ... ok
evm	Verify real local Anvil without any mainnet keys	2026-09-19T18:41:30.9504303Z test_content_type (test_api.APITests.test_content_type) ... ok
evm	Verify real local Anvil without any mainnet keys	2026-09-19T18:41:30.9516923Z test_dns_rebinding_guard (test_api.APITests.test_dns_rebinding_guard) ... ok
evm	Verify real local Anvil without any mainnet keys	2026-09-19T18:41:30.9527064Z test_health (test_api.APITests.test_health) ... ok
evm	Verify real local Anvil without any mainnet keys	2026-09-19T18:41:30.9539884Z test_invalid_scenario (test_api.APITests.test_invalid_scenario) ... ok
evm	Verify real local Anvil without any mainnet keys	2026-09-19T18:41:30.9553464Z test_missing_report (test_api.APITests.test_missing_report) ... ok
evm	Verify real local Anvil without any mainnet keys	2026-09-19T18:41:30.9566022Z test_path_traversal (test_api.APITests.test_path_traversal) ... ok
evm	Verify real local Anvil without any mainnet keys	2026-09-19T18:41:30.9576943Z test_payload_limit (test_api.APITests.test_payload_limit) ... ok
evm	Verify real local Anvil without any mainnet keys	2026-09-19T18:41:30.9602020Z test_report_filename_must_match_content_hash (test_api.APITests.test_report_filename_must_match_content_hash) ... ok
evm	Verify real local Anvil without any mainnet keys	2026-09-19T18:41:30.9692801Z test_roundtrip (test_api.APITests.test_roundtrip) ... ok
evm	Verify real local Anvil without any mainnet keys	2026-09-19T18:41:32.1728716Z test_absolute_deadline_closes_idle_socket_and_returns_capacity (test_api_limits.APILimitTests.test_absolute_deadline_closes_idle_socket_and_returns_capacity) ... ok
evm	Verify real local Anvil without any mainnet keys	2026-09-19T18:41:32.6811527Z test_eight_idle_connections_bound_handlers_and_recover (test_api_limits.APILimitTests.test_eight_idle_connections_bound_handlers_and_recover) ... ok
evm	Verify real local Anvil without any mainnet keys	2026-09-19T18:41:33.1855379Z test_exclusive_store_lock_returns_503_then_recovers (test_api_limits.APILimitTests.test_exclusive_store_lock_returns_503_then_recovers) ... ok
evm	Verify real local Anvil without any mainnet keys	2026-09-19T18:41:33.6935784Z test_full_store_returns_507_and_retains_saved_report (test_api_limits.APILimitTests.test_full_store_returns_507_and_retains_saved_report) ... ok
evm	Verify real local Anvil without any mainnet keys	2026-09-19T18:41:34.2992603Z test_overload_client_that_never_sends_cannot_block_accept_loop (test_api_limits.APILimitTests.test_overload_client_that_never_sends_cannot_block_accept_loop) ... ok
evm	Verify real local Anvil without any mainnet keys	2026-09-19T18:41:34.8351529Z test_overload_response_survives_post_body_sent_after_headers (test_api_limits.APILimitTests.test_overload_response_survives_post_body_sent_after_headers) ... ok
evm	Verify real local Anvil without any mainnet keys	2026-09-19T18:41:35.3388354Z test_oversized_stored_file_and_symlink_are_not_served (test_api_limits.APILimitTests.test_oversized_stored_file_and_symlink_are_not_served) ... ok
evm	Verify real local Anvil without any mainnet keys	2026-09-19T18:41:35.9453132Z test_rejected_trickle_cannot_extend_accept_loop_grace (test_api_limits.APILimitTests.test_rejected_trickle_cannot_extend_accept_loop_grace) ... ok
evm	Verify real local Anvil without any mainnet keys	2026-09-19T18:41:36.6988853Z test_slow_header_progress_does_not_extend_absolute_deadline (test_api_limits.APILimitTests.test_slow_header_progress_does_not_extend_absolute_deadline) ... ok
evm	Verify real local Anvil without any mainnet keys	2026-09-19T18:41:36.7024348Z test_disk_failure_preserves_previous_report_and_removes_temp (test_artifact_storage.ArtifactWriteTests.test_disk_failure_preserves_previous_report_and_removes_temp) ... ok
evm	Verify real local Anvil without any mainnet keys	2026-09-19T18:41:36.7729603Z test_oversized_export_does_not_replace_existing_report (test_artifact_storage.ArtifactWriteTests.test_oversized_export_does_not_replace_existing_report) ... ok
evm	Verify real local Anvil without any mainnet keys	2026-09-19T18:41:36.7743783Z test_predictable_temp_symlink_is_not_followed (test_artifact_storage.ArtifactWriteTests.test_predictable_temp_symlink_is_not_followed) ... ok
evm	Verify real local Anvil without any mainnet keys	2026-09-19T18:41:36.7745412Z test_abi_unsigned_bounds (test_defi.DefiBoundaryTests.test_abi_unsigned_bounds) ... ok
evm	Verify real local Anvil without any mainnet keys	2026-09-19T18:41:36.7746808Z test_approve_is_exact_amount_and_spender (test_defi.DefiBoundaryTests.test_approve_is_exact_amount_and_spender) ... ok
evm	Verify real local Anvil without any mainnet keys	2026-09-19T18:41:36.7748696Z test_fixture_cannot_request_token_rpc_reads (test_defi.DefiBoundaryTests.test_fixture_cannot_request_token_rpc_reads) ... ok
evm	Verify real local Anvil without any mainnet keys	2026-09-19T18:41:36.7756183Z test_nonstandard_token_does_not_silently_report_zero (test_defi.DefiBoundaryTests.test_nonstandard_token_does_not_silently_report_zero) ... ok
evm	Verify real local Anvil without any mainnet keys	2026-09-19T18:41:36.7841267Z test_swap_encoding_matches_solidity_abi_tool (test_defi.DefiBoundaryTests.test_swap_encoding_matches_solidity_abi_tool) ... ok
evm	Verify real local Anvil without any mainnet keys	2026-09-19T18:41:36.7847675Z test_token_metadata_bounds_and_uniqueness (test_defi.DefiBoundaryTests.test_token_metadata_bounds_and_uniqueness) ... ok
evm	Verify real local Anvil without any mainnet keys	2026-09-19T18:41:37.0517837Z test_real_storage_and_token_deltas_are_branch_isolated (test_defi.RealTokenTests.test_real_storage_and_token_deltas_are_branch_isolated) ... ok
evm	Verify real local Anvil without any mainnet keys	2026-09-19T18:41:37.1822156Z test_wrong_decimal_pin_fails_execution (test_defi.RealTokenTests.test_wrong_decimal_pin_fails_execution) ... ok
evm	Verify real local Anvil without any mainnet keys	2026-09-19T18:41:37.4495118Z test_native_transfer_and_revert (test_engine.ActualAnvilTests.test_native_transfer_and_revert) ... ok
evm	Verify real local Anvil without any mainnet keys	2026-09-19T18:41:37.4501931Z test_assumptions_visible (test_engine.FixtureTests.test_assumptions_visible) ... ok
evm	Verify real local Anvil without any mainnet keys	2026-09-19T18:41:37.4508224Z test_breaker_sells_once (test_engine.FixtureTests.test_breaker_sells_once) ... ok
evm	Verify real local Anvil without any mainnet keys	2026-09-19T18:41:37.4512652Z test_cost_accounting (test_engine.FixtureTests.test_cost_accounting) ... ok
evm	Verify real local Anvil without any mainnet keys	2026-09-19T18:41:37.4520543Z test_deterministic (test_engine.FixtureTests.test_deterministic) ... ok
evm	Verify real local Anvil without any mainnet keys	2026-09-19T18:41:37.4524141Z test_drawdown (test_engine.FixtureTests.test_drawdown) ... ok
evm	Verify real local Anvil without any mainnet keys	2026-09-19T18:41:37.4527340Z test_flat_has_zero_drawdown (test_engine.FixtureTests.test_flat_has_zero_drawdown) ... ok
evm	Verify real local Anvil without any mainnet keys	2026-09-19T18:41:37.4531886Z test_hold_value (test_engine.FixtureTests.test_hold_value) ... ok
evm	Verify real local Anvil without any mainnet keys	2026-09-19T18:41:37.4536356Z test_input_unchanged (test_engine.FixtureTests.test_input_unchanged) ... ok
evm	Verify real local Anvil without any mainnet keys	2026-09-19T18:41:37.4541668Z test_integrity (test_engine.FixtureTests.test_integrity) ... ok
evm	Verify real local Anvil without any mainnet keys	2026-09-19T18:41:37.4542553Z test_missing_hash (test_engine.FixtureTests.test_missing_hash) ... ok
evm	Verify real local Anvil without any mainnet keys	2026-09-19T18:41:37.4549293Z test_no_future_lookahead (test_engine.FixtureTests.test_no_future_lookahead) ... ok
evm	Verify real local Anvil without any mainnet keys	2026-09-19T18:41:37.4550441Z test_nonfinite_hash (test_engine.FixtureTests.test_nonfinite_hash) ... ok
evm	Verify real local Anvil without any mainnet keys	2026-09-19T18:41:37.4551780Z test_order_independent_hash (test_engine.FixtureTests.test_order_independent_hash) ... ok
evm	Verify real local Anvil without any mainnet keys	2026-09-19T18:41:37.4553245Z test_policy_only_receives_observation (test_engine.FixtureTests.test_policy_only_receives_observation) ... ok
evm	Verify real local Anvil without any mainnet keys	2026-09-19T18:41:37.4554821Z test_recovery_can_lose (test_engine.FixtureTests.test_recovery_can_lose) ... ok
evm	Verify real local Anvil without any mainnet keys	2026-09-19T18:41:37.4559125Z test_same_policy_same_result (test_engine.FixtureTests.test_same_policy_same_result) ... ok
evm	Verify real local Anvil without any mainnet keys	2026-09-19T18:41:37.4563760Z test_sell_after_observed_drop (test_engine.FixtureTests.test_sell_after_observed_drop) ... ok
evm	Verify real local Anvil without any mainnet keys	2026-09-19T18:41:37.4570357Z test_shorter_prefix_same_actions (test_engine.FixtureTests.test_shorter_prefix_same_actions) ... ok
evm	Verify real local Anvil without any mainnet keys	2026-09-19T18:41:37.4575857Z test_tamper (test_engine.FixtureTests.test_tamper) ... ok
evm	Verify real local Anvil without any mainnet keys	2026-09-19T18:41:37.4577468Z test_wrong_version (test_engine.FixtureTests.test_wrong_version) ... ok
evm	Verify real local Anvil without any mainnet keys	2026-09-19T18:41:37.4583740Z test_zero_units_cash_only (test_engine.FixtureTests.test_zero_units_cash_only) ... ok
evm	Verify real local Anvil without any mainnet keys	2026-09-19T18:41:37.4758827Z test_local_cannot_submit_raw (test_engine.SafetyTests.test_local_cannot_submit_raw) ... ok
evm	Verify real local Anvil without any mainnet keys	2026-09-19T18:41:37.4760460Z test_local_client_rejects_remote (test_engine.SafetyTests.test_local_client_rejects_remote) ... ok
evm	Verify real local Anvil without any mainnet keys	2026-09-19T18:41:37.4763727Z test_missing_anvil_not_fake_success (test_engine.SafetyTests.test_missing_anvil_not_fake_success) ... ok
evm	Verify real local Anvil without any mainnet keys	2026-09-19T18:41:37.4774243Z test_missing_rpc_not_fake_success (test_engine.SafetyTests.test_missing_rpc_not_fake_success) ... ok
evm	Verify real local Anvil without any mainnet keys	2026-09-19T18:41:37.4983309Z test_no_upstream_transaction_submission (test_engine.SafetyTests.test_no_upstream_transaction_submission) ... ok
evm	Verify real local Anvil without any mainnet keys	2026-09-19T18:41:37.4991714Z test_no_url_userinfo (test_engine.SafetyTests.test_no_url_userinfo) ... ok
evm	Verify real local Anvil without any mainnet keys	2026-09-19T18:41:37.5007251Z test_pinned_block_mismatch (test_engine.SafetyTests.test_pinned_block_mismatch) ... ok
evm	Verify real local Anvil without any mainnet keys	2026-09-19T18:41:37.5019325Z test_resolved_source_excludes_rpc_secret (test_engine.SafetyTests.test_resolved_source_excludes_rpc_secret) ... ok
evm	Verify real local Anvil without any mainnet keys	2026-09-19T18:41:37.5031336Z test_source_chain_mismatch (test_engine.SafetyTests.test_source_chain_mismatch) ... ok
evm	Verify real local Anvil without any mainnet keys	2026-09-19T18:41:37.5034361Z test_action_cannot_supply_from (test_engine.ValidationTests.test_action_cannot_supply_from) ... ok
evm	Verify real local Anvil without any mainnet keys	2026-09-19T18:41:37.5035807Z test_bad_address (test_engine.ValidationTests.test_bad_address) ... ok
evm	Verify real local Anvil without any mainnet keys	2026-09-19T18:41:37.5038255Z test_bool_not_integer (test_engine.ValidationTests.test_bool_not_integer) ... ok
evm	Verify real local Anvil without any mainnet keys	2026-09-19T18:41:37.5040036Z test_decimal_wei_rejected (test_engine.ValidationTests.test_decimal_wei_rejected) ... ok
evm	Verify real local Anvil without any mainnet keys	2026-09-19T18:41:37.5042159Z test_empty_wallet (test_engine.ValidationTests.test_empty_wallet) ... ok
evm	Verify real local Anvil without any mainnet keys	2026-09-19T18:41:37.5044779Z test_excessive_steps (test_engine.ValidationTests.test_excessive_steps) ... ok
evm	Verify real local Anvil without any mainnet keys	2026-09-19T18:41:37.5046677Z test_fake_historical_fixture (test_engine.ValidationTests.test_fake_historical_fixture) ... ok
evm	Verify real local Anvil without any mainnet keys	2026-09-19T18:41:37.5048393Z test_fixture_rejects_evm_fields (test_engine.ValidationTests.test_fixture_rejects_evm_fields) ... ok
evm	Verify real local Anvil without any mainnet keys	2026-09-19T18:41:37.5050100Z test_float_money_rejected (test_engine.ValidationTests.test_float_money_rejected) ... ok
evm	Verify real local Anvil without any mainnet keys	2026-09-19T18:41:37.5052136Z test_fork_rejects_code_override (test_engine.ValidationTests.test_fork_rejects_code_override) ... ok
evm	Verify real local Anvil without any mainnet keys	2026-09-19T18:41:37.5053899Z test_fork_scenario (test_engine.ValidationTests.test_fork_scenario) ... ok
evm	Verify real local Anvil without any mainnet keys	2026-09-19T18:41:37.5054732Z test_infinity (test_engine.ValidationTests.test_infinity) ... ok
evm	Verify real local Anvil without any mainnet keys	2026-09-19T18:41:37.5056804Z test_local_scenario (test_engine.ValidationTests.test_local_scenario) ... ok
evm	Verify real local Anvil without any mainnet keys	2026-09-19T18:41:37.5058331Z test_missing_provenance (test_engine.ValidationTests.test_missing_provenance) ... ok
evm	Verify real local Anvil without any mainnet keys	2026-09-19T18:41:37.5059176Z test_nan (test_engine.ValidationTests.test_nan) ... ok
evm	Verify real local Anvil without any mainnet keys	2026-09-19T18:41:37.5059933Z test_negative_money (test_engine.ValidationTests.test_negative_money) ... ok
evm	Verify real local Anvil without any mainnet keys	2026-09-19T18:41:37.5061921Z test_odd_hex (test_engine.ValidationTests.test_odd_hex) ... ok
evm	Verify real local Anvil without any mainnet keys	2026-09-19T18:41:37.5063977Z test_oversized_gas (test_engine.ValidationTests.test_oversized_gas) ... ok
evm	Verify real local Anvil without any mainnet keys	2026-09-19T18:41:37.5064894Z test_precision_limit (test_engine.ValidationTests.test_precision_limit) ... ok
evm	Verify real local Anvil without any mainnet keys	2026-09-19T18:41:37.5066464Z test_target_allowlist (test_engine.ValidationTests.test_target_allowlist) ... ok
evm	Verify real local Anvil without any mainnet keys	2026-09-19T18:41:37.5067972Z test_unknown_field (test_engine.ValidationTests.test_unknown_field) ... ok
evm	Verify real local Anvil without any mainnet keys	2026-09-19T18:41:37.5070219Z test_unknown_policy (test_engine.ValidationTests.test_unknown_policy) ... ok
evm	Verify real local Anvil without any mainnet keys	2026-09-19T18:41:37.5072062Z test_zero_price (test_engine.ValidationTests.test_zero_price) ... ok
evm	Verify real local Anvil without any mainnet keys	2026-09-19T18:41:37.5354569Z test_cleanup_failure_is_explicit (test_isolated.IsolatedProtocolTests.test_cleanup_failure_is_explicit) ... ok
evm	Verify real local Anvil without any mainnet keys	2026-09-19T18:41:37.5372158Z test_image_must_be_immutable_and_network_is_mode_bound (test_isolated.IsolatedProtocolTests.test_image_must_be_immutable_and_network_is_mode_bound) ... ok
evm	Verify real local Anvil without any mainnet keys	2026-09-19T18:41:37.5390198Z test_input_budget_is_checked_before_launch (test_isolated.IsolatedProtocolTests.test_input_budget_is_checked_before_launch) ... ok
evm	Verify real local Anvil without any mainnet keys	2026-09-19T18:41:37.7862955Z test_invalid_or_wrong_scenario_response_fails_closed (test_isolated.IsolatedProtocolTests.test_invalid_or_wrong_scenario_response_fails_closed) ... ok
evm	Verify real local Anvil without any mainnet keys	2026-09-19T18:41:37.7895537Z test_missing_kernel_controls_are_rejected (test_isolated.IsolatedProtocolTests.test_missing_kernel_controls_are_rejected) ... ok
evm	Verify real local Anvil without any mainnet keys	2026-09-19T18:41:37.8696447Z test_output_budget_stops_reader_and_cleans_up (test_isolated.IsolatedProtocolTests.test_output_budget_stops_reader_and_cleans_up) ... ok
evm	Verify real local Anvil without any mainnet keys	2026-09-19T18:41:38.0810275Z test_timeout_terminates_client_and_requests_container_removal (test_isolated.IsolatedProtocolTests.test_timeout_terminates_client_and_requests_container_removal) ... ok
evm	Verify real local Anvil without any mainnet keys	2026-09-19T18:41:38.1646853Z test_valid_response_matches_and_removes_owned_container (test_isolated.IsolatedProtocolTests.test_valid_response_matches_and_removes_owned_container) ... ok
evm	Verify real local Anvil without any mainnet keys	2026-09-19T18:41:38.1648695Z test_lifetime_cannot_be_unbounded_or_nonfinite (test_process_guardian.GuardianInputTests.test_lifetime_cannot_be_unbounded_or_nonfinite) ... ok
evm	Verify real local Anvil without any mainnet keys	2026-09-19T18:41:38.3370346Z test_killed_guardian_is_cleaned_by_owner_context (test_process_guardian.GuardianTests.test_killed_guardian_is_cleaned_by_owner_context) ... ok
evm	Verify real local Anvil without any mainnet keys	2026-09-19T18:41:39.3733317Z test_lifetime_expires_without_owner_cooperation (test_process_guardian.GuardianTests.test_lifetime_expires_without_owner_cooperation) ... ok
evm	Verify real local Anvil without any mainnet keys	2026-09-19T18:41:39.5033640Z test_ordinary_context_reaps_guardian_and_anvil (test_process_guardian.GuardianTests.test_ordinary_context_reaps_guardian_and_anvil) ... ok
evm	Verify real local Anvil without any mainnet keys	2026-09-19T18:41:39.9697657Z test_sigterm_and_sigkill_owner_close_the_owned_node (test_process_guardian.GuardianTests.test_sigterm_and_sigkill_owner_close_the_owned_node) ... ok
evm	Verify real local Anvil without any mainnet keys	2026-09-19T18:41:39.9705133Z test_build_and_runtime_dependencies_must_be_in_lock (test_quality_gates.QualityPolicyTests.test_build_and_runtime_dependencies_must_be_in_lock) ... ok
evm	Verify real local Anvil without any mainnet keys	2026-09-19T18:41:39.9708421Z test_empty_partial_or_failed_scans_fail (test_quality_gates.QualityPolicyTests.test_empty_partial_or_failed_scans_fail) ... ok
evm	Verify real local Anvil without any mainnet keys	2026-09-19T18:41:39.9710025Z test_locked_extras_are_counted_as_audited_packages (test_quality_gates.QualityPolicyTests.test_locked_extras_are_counted_as_audited_packages) ... ok
evm	Verify real local Anvil without any mainnet keys	2026-09-19T18:41:39.9711946Z test_missing_review_reason_fails (test_quality_gates.QualityPolicyTests.test_missing_review_reason_fails) ... ok
evm	Verify real local Anvil without any mainnet keys	2026-09-19T18:41:39.9713314Z test_new_or_disappeared_findings_fail (test_quality_gates.QualityPolicyTests.test_new_or_disappeared_findings_fail) ... ok
evm	Verify real local Anvil without any mainnet keys	2026-09-19T18:41:39.9715479Z test_only_exact_reviewed_findings_pass (test_quality_gates.QualityPolicyTests.test_only_exact_reviewed_findings_pass) ... ok
evm	Verify real local Anvil without any mainnet keys	2026-09-19T18:41:39.9717525Z test_optional_runtime_dependencies_are_not_missed (test_quality_gates.QualityPolicyTests.test_optional_runtime_dependencies_are_not_missed) ... ok
evm	Verify real local Anvil without any mainnet keys	2026-09-19T18:41:39.9906991Z test_error_message_and_data_are_never_echoed (test_rpc_diagnostics.RPCDiagnosticTests.test_error_message_and_data_are_never_echoed) ... ok
evm	Verify real local Anvil without any mainnet keys	2026-09-19T18:41:40.0088673Z test_non_object_error_does_not_echo_untrusted_text (test_rpc_diagnostics.RPCDiagnosticTests.test_non_object_error_does_not_echo_untrusted_text) ... ok
evm	Verify real local Anvil without any mainnet keys	2026-09-19T18:41:40.0655497Z test_untrusted_code_cannot_enter_diagnostics (test_rpc_diagnostics.RPCDiagnosticTests.test_untrusted_code_cannot_enter_diagnostics) ... ok
evm	Verify real local Anvil without any mainnet keys	2026-09-19T18:41:40.2311997Z test_count_budget_and_full_store_idempotence (test_store.StoreTests.test_count_budget_and_full_store_idempotence) ... ok
evm	Verify real local Anvil without any mainnet keys	2026-09-19T18:41:40.2314121Z test_default_128_mib_budget_counts_existing_and_crash_files (test_store.StoreTests.test_default_128_mib_budget_counts_existing_and_crash_files) ... ok
evm	Verify real local Anvil without any mainnet keys	2026-09-19T18:41:40.2426865Z test_default_file_budget_counts_unrelated_files (test_store.StoreTests.test_default_file_budget_counts_unrelated_files) ... ok
evm	Verify real local Anvil without any mainnet keys	2026-09-19T18:41:40.3472529Z test_exact_byte_budget_and_no_temporary_overrun (test_store.StoreTests.test_exact_byte_budget_and_no_temporary_overrun) ... ok
evm	Verify real local Anvil without any mainnet keys	2026-09-19T18:41:40.6372114Z test_failed_atomic_replace_leaves_no_partial_artifact (test_store.StoreTests.test_failed_atomic_replace_leaves_no_partial_artifact) ... ok
evm	Verify real local Anvil without any mainnet keys	2026-09-19T18:41:40.7039966Z test_oversized_report_and_read_are_rejected (test_store.StoreTests.test_oversized_report_and_read_are_rejected) ... ok
evm	Verify real local Anvil without any mainnet keys	2026-09-19T18:41:40.7051801Z test_symlink_fifo_and_hash_mismatch_are_rejected (test_store.StoreTests.test_symlink_fifo_and_hash_mismatch_are_rejected) ... ok
evm	Verify real local Anvil without any mainnet keys	2026-09-19T18:41:40.9362617Z test_two_real_processes_cannot_overrun_one_file_budget (test_store.StoreTests.test_two_real_processes_cannot_overrun_one_file_budget) ... ok
evm	Verify real local Anvil without any mainnet keys	2026-09-19T18:41:40.9364570Z Ran 124 tests in 11.164s
evm	Verify real local Anvil without any mainnet keys	2026-09-19T18:41:40.9364994Z OK
