isolated	Set up job	﻿2026-09-19T21:55:31.8927640Z Current runner version: '2.337.0'
isolated	Set up job	2026-09-19T21:55:31.8953158Z ##[group]Runner Image Provisioner
isolated	Set up job	2026-09-19T21:55:31.8954055Z Hosted Compute Agent
isolated	Set up job	2026-09-19T21:55:31.8954730Z Version: 20260828.587
isolated	Set up job	2026-09-19T21:55:31.8955402Z Commit: abac92662cab4cc7352de4f9f9d2e2419aad9c29
isolated	Set up job	2026-09-19T21:55:31.8956190Z Build Date: 2026-08-28T16:44:25Z
isolated	Set up job	2026-09-19T21:55:31.8956996Z Worker ID: {c9a4e5db-ef79-44f8-8af4-08047d4844e9}
isolated	Set up job	2026-09-19T21:55:31.8957756Z Azure Region: westus
isolated	Set up job	2026-09-19T21:55:31.8958348Z ##[endgroup]
isolated	Set up job	2026-09-19T21:55:31.8959919Z ##[group]Operating System
isolated	Set up job	2026-09-19T21:55:31.8960658Z Ubuntu
isolated	Set up job	2026-09-19T21:55:31.8961258Z 24.04.5
isolated	Set up job	2026-09-19T21:55:31.8961785Z LTS
isolated	Set up job	2026-09-19T21:55:31.8962330Z ##[endgroup]
isolated	Set up job	2026-09-19T21:55:31.8963271Z ##[group]Runner Image
isolated	Set up job	2026-09-19T21:55:31.8963930Z Image: ubuntu-24.04
isolated	Set up job	2026-09-19T21:55:31.8964599Z Version: 20260907.300.1
isolated	Set up job	2026-09-19T21:55:31.8965692Z Included Software: https://github.com/actions/runner-images/blob/ubuntu24/20260907.300/images/ubuntu/Ubuntu2404-Readme.md
isolated	Set up job	2026-09-19T21:55:31.8967510Z Image Release: https://github.com/actions/runner-images/releases/tag/ubuntu24%2F20260907.300
isolated	Set up job	2026-09-19T21:55:31.8968534Z ##[endgroup]
isolated	Set up job	2026-09-19T21:55:31.8969763Z ##[group]GITHUB_TOKEN Permissions
isolated	Set up job	2026-09-19T21:55:31.8971692Z Contents: read
isolated	Set up job	2026-09-19T21:55:31.8972428Z Metadata: read
isolated	Set up job	2026-09-19T21:55:31.8973332Z ##[endgroup]
isolated	Set up job	2026-09-19T21:55:31.8975483Z Secret source: Actions
isolated	Set up job	2026-09-19T21:55:31.8976541Z Cache mode: write
isolated	Set up job	2026-09-19T21:55:31.8977230Z Prepare workflow directory
isolated	Set up job	2026-09-19T21:55:31.9457659Z Prepare all required actions
isolated	Set up job	2026-09-19T21:55:31.9508708Z Getting action download info
isolated	Set up job	2026-09-19T21:55:32.3474409Z Download action repository 'actions/checkout@11d5960a326750d5838078e36cf38b85af677262' (SHA:11d5960a326750d5838078e36cf38b85af677262)
isolated	Set up job	2026-09-19T21:55:32.4816679Z Download action repository 'actions/setup-python@a26af69be951a213d495a4c3e4e4022e16d87065' (SHA:a26af69be951a213d495a4c3e4e4022e16d87065)
isolated	Set up job	2026-09-19T21:55:32.5736557Z Download action repository 'foundry-rs/foundry-toolchain@908c540300062bd5a7e473851cdb4282204cee09' (SHA:908c540300062bd5a7e473851cdb4282204cee09)
isolated	Set up job	2026-09-19T21:55:33.1444141Z Download action repository 'actions/upload-artifact@ea165f8d65b6e75b540449e92b4886f43607fa02' (SHA:ea165f8d65b6e75b540449e92b4886f43607fa02)
isolated	Set up job	2026-09-19T21:55:33.4321090Z Complete job name: isolated
isolated	Run actions/checkout@11d5960a326750d5838078e36cf38b85af677262	﻿2026-09-19T21:55:33.5304021Z Node 20 is being deprecated. This workflow is running with Node 24 by default. If you need to temporarily use Node 20, you can set the ACTIONS_ALLOW_USE_UNSECURE_NODE_VERSION=true environment variable. For more information see: https://github.blog/changelog/2025-09-19-deprecation-of-node-20-on-github-actions-runners/
isolated	Run actions/checkout@11d5960a326750d5838078e36cf38b85af677262	2026-09-19T21:55:33.5316076Z ##[group]Run actions/checkout@11d5960a326750d5838078e36cf38b85af677262
isolated	Run actions/checkout@11d5960a326750d5838078e36cf38b85af677262	2026-09-19T21:55:33.5317787Z with:
isolated	Run actions/checkout@11d5960a326750d5838078e36cf38b85af677262	2026-09-19T21:55:33.5318651Z   repository: entrotter/engine
isolated	Run actions/checkout@11d5960a326750d5838078e36cf38b85af677262	2026-09-19T21:55:33.5327328Z   token: ***
isolated	Run actions/checkout@11d5960a326750d5838078e36cf38b85af677262	2026-09-19T21:55:33.5328196Z   ssh-strict: true
isolated	Run actions/checkout@11d5960a326750d5838078e36cf38b85af677262	2026-09-19T21:55:33.5329079Z   ssh-user: git
isolated	Run actions/checkout@11d5960a326750d5838078e36cf38b85af677262	2026-09-19T21:55:33.5330017Z   persist-credentials: true
isolated	Run actions/checkout@11d5960a326750d5838078e36cf38b85af677262	2026-09-19T21:55:33.5331009Z   clean: true
isolated	Run actions/checkout@11d5960a326750d5838078e36cf38b85af677262	2026-09-19T21:55:33.5331908Z   sparse-checkout-cone-mode: true
isolated	Run actions/checkout@11d5960a326750d5838078e36cf38b85af677262	2026-09-19T21:55:33.5333198Z   fetch-depth: 1
isolated	Run actions/checkout@11d5960a326750d5838078e36cf38b85af677262	2026-09-19T21:55:33.5334086Z   fetch-tags: false
isolated	Run actions/checkout@11d5960a326750d5838078e36cf38b85af677262	2026-09-19T21:55:33.5334982Z   show-progress: true
isolated	Run actions/checkout@11d5960a326750d5838078e36cf38b85af677262	2026-09-19T21:55:33.5335880Z   lfs: false
isolated	Run actions/checkout@11d5960a326750d5838078e36cf38b85af677262	2026-09-19T21:55:33.5336778Z   submodules: false
isolated	Run actions/checkout@11d5960a326750d5838078e36cf38b85af677262	2026-09-19T21:55:33.5337691Z   set-safe-directory: true
isolated	Run actions/checkout@11d5960a326750d5838078e36cf38b85af677262	2026-09-19T21:55:33.5338736Z   allow-unsafe-pr-checkout: false
isolated	Run actions/checkout@11d5960a326750d5838078e36cf38b85af677262	2026-09-19T21:55:33.5340065Z env:
isolated	Run actions/checkout@11d5960a326750d5838078e36cf38b85af677262	2026-09-19T21:55:33.5340877Z   PYTHONPATH: src
isolated	Run actions/checkout@11d5960a326750d5838078e36cf38b85af677262	2026-09-19T21:55:33.5341873Z   ENTROTTER_DOCKER_SOCKET: /var/run/docker.sock
isolated	Run actions/checkout@11d5960a326750d5838078e36cf38b85af677262	2026-09-19T21:55:33.5343259Z ##[endgroup]
isolated	Run actions/checkout@11d5960a326750d5838078e36cf38b85af677262	2026-09-19T21:55:33.6452008Z Syncing repository: entrotter/engine
isolated	Run actions/checkout@11d5960a326750d5838078e36cf38b85af677262	2026-09-19T21:55:33.6455998Z ##[group]Getting Git version info
isolated	Run actions/checkout@11d5960a326750d5838078e36cf38b85af677262	2026-09-19T21:55:33.6457827Z Working directory is '/home/runner/work/engine/engine'
isolated	Run actions/checkout@11d5960a326750d5838078e36cf38b85af677262	2026-09-19T21:55:33.6460153Z [command]/usr/bin/git version
isolated	Run actions/checkout@11d5960a326750d5838078e36cf38b85af677262	2026-09-19T21:55:33.6534798Z git version 2.55.0
isolated	Run actions/checkout@11d5960a326750d5838078e36cf38b85af677262	2026-09-19T21:55:33.6565777Z ##[endgroup]
isolated	Run actions/checkout@11d5960a326750d5838078e36cf38b85af677262	2026-09-19T21:55:33.6590725Z Temporarily overriding HOME='/home/runner/work/_temp/98835782-9308-4096-beaa-8239353aac91' before making global git config changes
isolated	Run actions/checkout@11d5960a326750d5838078e36cf38b85af677262	2026-09-19T21:55:33.6594650Z Adding repository directory to the temporary git global config as a safe directory
isolated	Run actions/checkout@11d5960a326750d5838078e36cf38b85af677262	2026-09-19T21:55:33.6598201Z [command]/usr/bin/git config --global --add safe.directory /home/runner/work/engine/engine
isolated	Run actions/checkout@11d5960a326750d5838078e36cf38b85af677262	2026-09-19T21:55:33.6667075Z Deleting the contents of '/home/runner/work/engine/engine'
isolated	Run actions/checkout@11d5960a326750d5838078e36cf38b85af677262	2026-09-19T21:55:33.6672835Z ##[group]Initializing the repository
isolated	Run actions/checkout@11d5960a326750d5838078e36cf38b85af677262	2026-09-19T21:55:33.6677948Z [command]/usr/bin/git init /home/runner/work/engine/engine
isolated	Run actions/checkout@11d5960a326750d5838078e36cf38b85af677262	2026-09-19T21:55:33.6830016Z hint: Using 'master' as the name for the initial branch. This default branch name
isolated	Run actions/checkout@11d5960a326750d5838078e36cf38b85af677262	2026-09-19T21:55:33.6834580Z hint: will change to "main" in Git 3.0. To configure the initial branch name
isolated	Run actions/checkout@11d5960a326750d5838078e36cf38b85af677262	2026-09-19T21:55:33.6838423Z hint: to use in all of your new repositories, which will suppress this warning,
isolated	Run actions/checkout@11d5960a326750d5838078e36cf38b85af677262	2026-09-19T21:55:33.6840574Z hint: call:
isolated	Run actions/checkout@11d5960a326750d5838078e36cf38b85af677262	2026-09-19T21:55:33.6841475Z hint:
isolated	Run actions/checkout@11d5960a326750d5838078e36cf38b85af677262	2026-09-19T21:55:33.6842631Z hint: 	git config --global init.defaultBranch <name>
isolated	Run actions/checkout@11d5960a326750d5838078e36cf38b85af677262	2026-09-19T21:55:33.6844800Z hint:
isolated	Run actions/checkout@11d5960a326750d5838078e36cf38b85af677262	2026-09-19T21:55:33.6847065Z hint: Names commonly chosen instead of 'master' are 'main', 'trunk' and
isolated	Run actions/checkout@11d5960a326750d5838078e36cf38b85af677262	2026-09-19T21:55:33.6849574Z hint: 'development'. The just-created branch can be renamed via this command:
isolated	Run actions/checkout@11d5960a326750d5838078e36cf38b85af677262	2026-09-19T21:55:33.6851132Z hint:
isolated	Run actions/checkout@11d5960a326750d5838078e36cf38b85af677262	2026-09-19T21:55:33.6851937Z hint: 	git branch -m <name>
isolated	Run actions/checkout@11d5960a326750d5838078e36cf38b85af677262	2026-09-19T21:55:33.6853126Z hint:
isolated	Run actions/checkout@11d5960a326750d5838078e36cf38b85af677262	2026-09-19T21:55:33.6854455Z hint: Disable this message with "git config set advice.defaultBranchName false"
isolated	Run actions/checkout@11d5960a326750d5838078e36cf38b85af677262	2026-09-19T21:55:33.6857586Z Initialized empty Git repository in /home/runner/work/engine/engine/.git/
isolated	Run actions/checkout@11d5960a326750d5838078e36cf38b85af677262	2026-09-19T21:55:33.6862636Z [command]/usr/bin/git remote add origin https://github.com/entrotter/engine
isolated	Run actions/checkout@11d5960a326750d5838078e36cf38b85af677262	2026-09-19T21:55:33.6904466Z ##[endgroup]
isolated	Run actions/checkout@11d5960a326750d5838078e36cf38b85af677262	2026-09-19T21:55:33.6906003Z ##[group]Disabling automatic garbage collection
isolated	Run actions/checkout@11d5960a326750d5838078e36cf38b85af677262	2026-09-19T21:55:33.6908834Z [command]/usr/bin/git config --local gc.auto 0
isolated	Run actions/checkout@11d5960a326750d5838078e36cf38b85af677262	2026-09-19T21:55:33.6965505Z ##[endgroup]
isolated	Run actions/checkout@11d5960a326750d5838078e36cf38b85af677262	2026-09-19T21:55:33.7075244Z ##[group]Setting up auth
isolated	Run actions/checkout@11d5960a326750d5838078e36cf38b85af677262	2026-09-19T21:55:33.7077006Z [command]/usr/bin/git config --local --name-only --get-regexp core\.sshCommand
isolated	Run actions/checkout@11d5960a326750d5838078e36cf38b85af677262	2026-09-19T21:55:33.7091411Z [command]/usr/bin/git submodule foreach --recursive sh -c "git config --local --name-only --get-regexp 'core\.sshCommand' && git config --local --unset-all 'core.sshCommand' || :"
isolated	Run actions/checkout@11d5960a326750d5838078e36cf38b85af677262	2026-09-19T21:55:33.7468602Z [command]/usr/bin/git config --local --name-only --get-regexp http\.https\:\/\/github\.com\/\.extraheader
isolated	Run actions/checkout@11d5960a326750d5838078e36cf38b85af677262	2026-09-19T21:55:33.7508568Z [command]/usr/bin/git submodule foreach --recursive sh -c "git config --local --name-only --get-regexp 'http\.https\:\/\/github\.com\/\.extraheader' && git config --local --unset-all 'http.https://github.com/.extraheader' || :"
isolated	Run actions/checkout@11d5960a326750d5838078e36cf38b85af677262	2026-09-19T21:55:33.7736170Z [command]/usr/bin/git config --local --name-only --get-regexp ^includeIf\.gitdir:
isolated	Run actions/checkout@11d5960a326750d5838078e36cf38b85af677262	2026-09-19T21:55:33.7775154Z [command]/usr/bin/git submodule foreach --recursive git config --local --show-origin --name-only --get-regexp remote.origin.url
isolated	Run actions/checkout@11d5960a326750d5838078e36cf38b85af677262	2026-09-19T21:55:33.8004667Z [command]/usr/bin/git config --local http.https://github.com/.extraheader AUTHORIZATION: basic ***
isolated	Run actions/checkout@11d5960a326750d5838078e36cf38b85af677262	2026-09-19T21:55:33.8044443Z ##[endgroup]
isolated	Run actions/checkout@11d5960a326750d5838078e36cf38b85af677262	2026-09-19T21:55:33.8046189Z ##[group]Fetching the repository
isolated	Run actions/checkout@11d5960a326750d5838078e36cf38b85af677262	2026-09-19T21:55:33.8055755Z [command]/usr/bin/git -c protocol.version=2 fetch --no-tags --prune --no-recurse-submodules --depth=1 origin +52d916e4b695bbc0d4dc1d9b0e387fd5fd841e1c:refs/remotes/pull/20/merge
isolated	Run actions/checkout@11d5960a326750d5838078e36cf38b85af677262	2026-09-19T21:55:34.4263988Z From https://github.com/entrotter/engine
isolated	Run actions/checkout@11d5960a326750d5838078e36cf38b85af677262	2026-09-19T21:55:34.4267229Z  * [new ref]         52d916e4b695bbc0d4dc1d9b0e387fd5fd841e1c -> pull/20/merge
isolated	Run actions/checkout@11d5960a326750d5838078e36cf38b85af677262	2026-09-19T21:55:34.4279617Z ##[endgroup]
isolated	Run actions/checkout@11d5960a326750d5838078e36cf38b85af677262	2026-09-19T21:55:34.4281931Z ##[group]Determining the checkout info
isolated	Run actions/checkout@11d5960a326750d5838078e36cf38b85af677262	2026-09-19T21:55:34.4284589Z ##[endgroup]
isolated	Run actions/checkout@11d5960a326750d5838078e36cf38b85af677262	2026-09-19T21:55:34.4285952Z [command]/usr/bin/git sparse-checkout disable
isolated	Run actions/checkout@11d5960a326750d5838078e36cf38b85af677262	2026-09-19T21:55:34.4351534Z [command]/usr/bin/git config --local --unset-all extensions.worktreeConfig
isolated	Run actions/checkout@11d5960a326750d5838078e36cf38b85af677262	2026-09-19T21:55:34.4398593Z ##[group]Checking out the ref
isolated	Run actions/checkout@11d5960a326750d5838078e36cf38b85af677262	2026-09-19T21:55:34.4400578Z [command]/usr/bin/git checkout --progress --force refs/remotes/pull/20/merge
isolated	Run actions/checkout@11d5960a326750d5838078e36cf38b85af677262	2026-09-19T21:55:34.4501481Z Note: switching to 'refs/remotes/pull/20/merge'.
isolated	Run actions/checkout@11d5960a326750d5838078e36cf38b85af677262	2026-09-19T21:55:34.4503233Z
isolated	Run actions/checkout@11d5960a326750d5838078e36cf38b85af677262	2026-09-19T21:55:34.4504111Z You are in 'detached HEAD' state. You can look around, make experimental
isolated	Run actions/checkout@11d5960a326750d5838078e36cf38b85af677262	2026-09-19T21:55:34.4506255Z changes and commit them, and you can discard any commits you make in this
isolated	Run actions/checkout@11d5960a326750d5838078e36cf38b85af677262	2026-09-19T21:55:34.4508303Z state without impacting any branches by switching back to a branch.
isolated	Run actions/checkout@11d5960a326750d5838078e36cf38b85af677262	2026-09-19T21:55:34.4509492Z
isolated	Run actions/checkout@11d5960a326750d5838078e36cf38b85af677262	2026-09-19T21:55:34.4510295Z If you want to create a new branch to retain commits you create, you may
isolated	Run actions/checkout@11d5960a326750d5838078e36cf38b85af677262	2026-09-19T21:55:34.4512184Z do so (now or later) by using -c with the switch command. Example:
isolated	Run actions/checkout@11d5960a326750d5838078e36cf38b85af677262	2026-09-19T21:55:34.4513547Z
isolated	Run actions/checkout@11d5960a326750d5838078e36cf38b85af677262	2026-09-19T21:55:34.4514001Z   git switch -c <new-branch-name>
isolated	Run actions/checkout@11d5960a326750d5838078e36cf38b85af677262	2026-09-19T21:55:34.4514676Z
isolated	Run actions/checkout@11d5960a326750d5838078e36cf38b85af677262	2026-09-19T21:55:34.4515119Z Or undo this operation with:
isolated	Run actions/checkout@11d5960a326750d5838078e36cf38b85af677262	2026-09-19T21:55:34.4515744Z
isolated	Run actions/checkout@11d5960a326750d5838078e36cf38b85af677262	2026-09-19T21:55:34.4516126Z   git switch -
isolated	Run actions/checkout@11d5960a326750d5838078e36cf38b85af677262	2026-09-19T21:55:34.4516642Z
isolated	Run actions/checkout@11d5960a326750d5838078e36cf38b85af677262	2026-09-19T21:55:34.4517455Z Turn off this advice by setting config variable advice.detachedHead to false
isolated	Run actions/checkout@11d5960a326750d5838078e36cf38b85af677262	2026-09-19T21:55:34.4518610Z
isolated	Run actions/checkout@11d5960a326750d5838078e36cf38b85af677262	2026-09-19T21:55:34.4519855Z HEAD is now at 52d916e Merge 0d3857839b2187541e573bec2e58042ad5bf0b45 into 6410c37663d37685a30effccd87844e1740b8637
isolated	Run actions/checkout@11d5960a326750d5838078e36cf38b85af677262	2026-09-19T21:55:34.4534106Z ##[endgroup]
isolated	Run actions/checkout@11d5960a326750d5838078e36cf38b85af677262	2026-09-19T21:55:34.4583706Z [command]/usr/bin/git log -1 --format=%H
isolated	Run actions/checkout@11d5960a326750d5838078e36cf38b85af677262	2026-09-19T21:55:34.4614289Z 52d916e4b695bbc0d4dc1d9b0e387fd5fd841e1c
isolated	Run actions/setup-python@a26af69be951a213d495a4c3e4e4022e16d87065	﻿2026-09-19T21:55:34.4973874Z Node 20 is being deprecated. This workflow is running with Node 24 by default. If you need to temporarily use Node 20, you can set the ACTIONS_ALLOW_USE_UNSECURE_NODE_VERSION=true environment variable. For more information see: https://github.blog/changelog/2025-09-19-deprecation-of-node-20-on-github-actions-runners/
isolated	Run actions/setup-python@a26af69be951a213d495a4c3e4e4022e16d87065	2026-09-19T21:55:34.4979682Z ##[group]Run actions/setup-python@a26af69be951a213d495a4c3e4e4022e16d87065
isolated	Run actions/setup-python@a26af69be951a213d495a4c3e4e4022e16d87065	2026-09-19T21:55:34.4981151Z with:
isolated	Run actions/setup-python@a26af69be951a213d495a4c3e4e4022e16d87065	2026-09-19T21:55:34.4981950Z   python-version: 3.12
isolated	Run actions/setup-python@a26af69be951a213d495a4c3e4e4022e16d87065	2026-09-19T21:55:34.4983177Z   check-latest: false
isolated	Run actions/setup-python@a26af69be951a213d495a4c3e4e4022e16d87065	2026-09-19T21:55:34.4991272Z   token: ***
isolated	Run actions/setup-python@a26af69be951a213d495a4c3e4e4022e16d87065	2026-09-19T21:55:34.4992134Z   update-environment: true
isolated	Run actions/setup-python@a26af69be951a213d495a4c3e4e4022e16d87065	2026-09-19T21:55:34.4993494Z   allow-prereleases: false
isolated	Run actions/setup-python@a26af69be951a213d495a4c3e4e4022e16d87065	2026-09-19T21:55:34.4994468Z   freethreaded: false
isolated	Run actions/setup-python@a26af69be951a213d495a4c3e4e4022e16d87065	2026-09-19T21:55:34.4995342Z env:
isolated	Run actions/setup-python@a26af69be951a213d495a4c3e4e4022e16d87065	2026-09-19T21:55:34.4996108Z   PYTHONPATH: src
isolated	Run actions/setup-python@a26af69be951a213d495a4c3e4e4022e16d87065	2026-09-19T21:55:34.4997076Z   ENTROTTER_DOCKER_SOCKET: /var/run/docker.sock
isolated	Run actions/setup-python@a26af69be951a213d495a4c3e4e4022e16d87065	2026-09-19T21:55:34.4998222Z ##[endgroup]
isolated	Run actions/setup-python@a26af69be951a213d495a4c3e4e4022e16d87065	2026-09-19T21:55:34.6335414Z ##[group]Installed versions
isolated	Run actions/setup-python@a26af69be951a213d495a4c3e4e4022e16d87065	2026-09-19T21:55:34.6445922Z (node:2249) [DEP0040] DeprecationWarning: The `punycode` module is deprecated. Please use a userland alternative instead.
isolated	Run actions/setup-python@a26af69be951a213d495a4c3e4e4022e16d87065	2026-09-19T21:55:34.6449850Z (Use `node --trace-deprecation ...` to show where the warning was created)
isolated	Run actions/setup-python@a26af69be951a213d495a4c3e4e4022e16d87065	2026-09-19T21:55:34.6453235Z Successfully set up CPython (3.12.14)
isolated	Run actions/setup-python@a26af69be951a213d495a4c3e4e4022e16d87065	2026-09-19T21:55:34.6457019Z ##[endgroup]
isolated	Run foundry-rs/foundry-toolchain@908c540300062bd5a7e473851cdb4282204cee09	﻿2026-09-19T21:55:34.6743676Z ##[group]Run foundry-rs/foundry-toolchain@908c540300062bd5a7e473851cdb4282204cee09
isolated	Run foundry-rs/foundry-toolchain@908c540300062bd5a7e473851cdb4282204cee09	2026-09-19T21:55:34.6746400Z with:
isolated	Run foundry-rs/foundry-toolchain@908c540300062bd5a7e473851cdb4282204cee09	2026-09-19T21:55:34.6747737Z   version: v1.8.3
isolated	Run foundry-rs/foundry-toolchain@908c540300062bd5a7e473851cdb4282204cee09	2026-09-19T21:55:34.6749141Z   network: ethereum
isolated	Run foundry-rs/foundry-toolchain@908c540300062bd5a7e473851cdb4282204cee09	2026-09-19T21:55:34.6750542Z   cache: true
isolated	Run foundry-rs/foundry-toolchain@908c540300062bd5a7e473851cdb4282204cee09	2026-09-19T21:55:34.6752245Z   cache-key: isolated-52d916e4b695bbc0d4dc1d9b0e387fd5fd841e1c
isolated	Run foundry-rs/foundry-toolchain@908c540300062bd5a7e473851cdb4282204cee09	2026-09-19T21:55:34.6754047Z   cache-restore-keys: isolated-
isolated	Run foundry-rs/foundry-toolchain@908c540300062bd5a7e473851cdb4282204cee09	2026-09-19T21:55:34.6755027Z env:
isolated	Run foundry-rs/foundry-toolchain@908c540300062bd5a7e473851cdb4282204cee09	2026-09-19T21:55:34.6755806Z   PYTHONPATH: src
isolated	Run foundry-rs/foundry-toolchain@908c540300062bd5a7e473851cdb4282204cee09	2026-09-19T21:55:34.6756772Z   ENTROTTER_DOCKER_SOCKET: /var/run/docker.sock
isolated	Run foundry-rs/foundry-toolchain@908c540300062bd5a7e473851cdb4282204cee09	2026-09-19T21:55:34.6758132Z   pythonLocation: /opt/hostedtoolcache/Python/3.12.14/x64
isolated	Run foundry-rs/foundry-toolchain@908c540300062bd5a7e473851cdb4282204cee09	2026-09-19T21:55:34.6760632Z   PKG_CONFIG_PATH: /opt/hostedtoolcache/Python/3.12.14/x64/lib/pkgconfig
isolated	Run foundry-rs/foundry-toolchain@908c540300062bd5a7e473851cdb4282204cee09	2026-09-19T21:55:34.6763473Z   Python_ROOT_DIR: /opt/hostedtoolcache/Python/3.12.14/x64
isolated	Run foundry-rs/foundry-toolchain@908c540300062bd5a7e473851cdb4282204cee09	2026-09-19T21:55:34.6766069Z   Python2_ROOT_DIR: /opt/hostedtoolcache/Python/3.12.14/x64
isolated	Run foundry-rs/foundry-toolchain@908c540300062bd5a7e473851cdb4282204cee09	2026-09-19T21:55:34.6768632Z   Python3_ROOT_DIR: /opt/hostedtoolcache/Python/3.12.14/x64
isolated	Run foundry-rs/foundry-toolchain@908c540300062bd5a7e473851cdb4282204cee09	2026-09-19T21:55:34.6771299Z   LD_LIBRARY_PATH: /opt/hostedtoolcache/Python/3.12.14/x64/lib
isolated	Run foundry-rs/foundry-toolchain@908c540300062bd5a7e473851cdb4282204cee09	2026-09-19T21:55:34.6774011Z ##[endgroup]
isolated	Run foundry-rs/foundry-toolchain@908c540300062bd5a7e473851cdb4282204cee09	2026-09-19T21:55:34.8058327Z Installing Foundry (version: v1.8.3)
isolated	Run foundry-rs/foundry-toolchain@908c540300062bd5a7e473851cdb4282204cee09	2026-09-19T21:55:34.8062166Z Downloading foundryup installer from foundry-rs/foundryup@a27902ef04dcb43061fabf343365cb5afc95fc48...
isolated	Run foundry-rs/foundry-toolchain@908c540300062bd5a7e473851cdb4282204cee09	2026-09-19T21:55:34.8348674Z Running foundryup installer...
isolated	Run foundry-rs/foundry-toolchain@908c540300062bd5a7e473851cdb4282204cee09	2026-09-19T21:55:35.9174209Z Running: foundryup --install 1.8.3
isolated	Run foundry-rs/foundry-toolchain@908c540300062bd5a7e473851cdb4282204cee09	2026-09-19T21:55:38.8170069Z Added /home/runner/.foundry/bin to PATH
isolated	Run foundry-rs/foundry-toolchain@908c540300062bd5a7e473851cdb4282204cee09	2026-09-19T21:55:38.8171639Z Primary key: linux-foundry-chain-fork-isolated-52d916e4b695bbc0d4dc1d9b0e387fd5fd841e1c
isolated	Run foundry-rs/foundry-toolchain@908c540300062bd5a7e473851cdb4282204cee09	2026-09-19T21:55:38.8179303Z Restore keys: linux-foundry-chain-fork-isolated-
isolated	Run foundry-rs/foundry-toolchain@908c540300062bd5a7e473851cdb4282204cee09	2026-09-19T21:55:39.0932645Z Cache not found
isolated	Run foundry-rs/foundry-toolchain@908c540300062bd5a7e473851cdb4282204cee09	2026-09-19T21:55:39.0933678Z Running: forge --version
isolated	Run foundry-rs/foundry-toolchain@908c540300062bd5a7e473851cdb4282204cee09	2026-09-19T21:55:39.1007009Z forge Version: 1.8.3
isolated	Run foundry-rs/foundry-toolchain@908c540300062bd5a7e473851cdb4282204cee09	2026-09-19T21:55:39.1007837Z Commit SHA: cae51ad458f6abb64852b7709eb784352429825d
isolated	Run foundry-rs/foundry-toolchain@908c540300062bd5a7e473851cdb4282204cee09	2026-09-19T21:55:39.1008487Z Build Timestamp: 2026-09-15T10:46:16.519267388Z (1789469176)
isolated	Run foundry-rs/foundry-toolchain@908c540300062bd5a7e473851cdb4282204cee09	2026-09-19T21:55:39.1009121Z Build Profile: dist
isolated	Run foundry-rs/foundry-toolchain@908c540300062bd5a7e473851cdb4282204cee09	2026-09-19T21:55:39.1013196Z Running: cast --version
isolated	Run foundry-rs/foundry-toolchain@908c540300062bd5a7e473851cdb4282204cee09	2026-09-19T21:55:39.1104863Z cast Version: 1.8.3
isolated	Run foundry-rs/foundry-toolchain@908c540300062bd5a7e473851cdb4282204cee09	2026-09-19T21:55:39.1105901Z Commit SHA: cae51ad458f6abb64852b7709eb784352429825d
isolated	Run foundry-rs/foundry-toolchain@908c540300062bd5a7e473851cdb4282204cee09	2026-09-19T21:55:39.1106665Z Build Timestamp: 2026-09-15T10:46:16.519267388Z (1789469176)
isolated	Run foundry-rs/foundry-toolchain@908c540300062bd5a7e473851cdb4282204cee09	2026-09-19T21:55:39.1107328Z Build Profile: dist
isolated	Run foundry-rs/foundry-toolchain@908c540300062bd5a7e473851cdb4282204cee09	2026-09-19T21:55:39.1111769Z Running: anvil --version
isolated	Run foundry-rs/foundry-toolchain@908c540300062bd5a7e473851cdb4282204cee09	2026-09-19T21:55:39.1160337Z anvil Version: 1.8.3
isolated	Run foundry-rs/foundry-toolchain@908c540300062bd5a7e473851cdb4282204cee09	2026-09-19T21:55:39.1161174Z Commit SHA: cae51ad458f6abb64852b7709eb784352429825d
isolated	Run foundry-rs/foundry-toolchain@908c540300062bd5a7e473851cdb4282204cee09	2026-09-19T21:55:39.1162130Z Build Timestamp: 2026-09-15T10:46:16.519267388Z (1789469176)
isolated	Run foundry-rs/foundry-toolchain@908c540300062bd5a7e473851cdb4282204cee09	2026-09-19T21:55:39.1163205Z Build Profile: dist
isolated	Run foundry-rs/foundry-toolchain@908c540300062bd5a7e473851cdb4282204cee09	2026-09-19T21:55:39.1165051Z Running: chisel --version
isolated	Run foundry-rs/foundry-toolchain@908c540300062bd5a7e473851cdb4282204cee09	2026-09-19T21:55:39.1209463Z chisel Version: 1.8.3
isolated	Run foundry-rs/foundry-toolchain@908c540300062bd5a7e473851cdb4282204cee09	2026-09-19T21:55:39.1210234Z Commit SHA: cae51ad458f6abb64852b7709eb784352429825d
isolated	Run foundry-rs/foundry-toolchain@908c540300062bd5a7e473851cdb4282204cee09	2026-09-19T21:55:39.1211149Z Build Timestamp: 2026-09-15T10:46:16.519267388Z (1789469176)
isolated	Run foundry-rs/foundry-toolchain@908c540300062bd5a7e473851cdb4282204cee09	2026-09-19T21:55:39.1211990Z Build Profile: dist
isolated	Build local worker from digest-verified inputs	﻿2026-09-19T21:55:39.1370836Z ##[group]Run python scripts/build_worker.py
isolated	Build local worker from digest-verified inputs	2026-09-19T21:55:39.1371406Z [36;1mpython scripts/build_worker.py[0m
isolated	Build local worker from digest-verified inputs	2026-09-19T21:55:39.1371786Z [36;1mpython - <<'PY'[0m
isolated	Build local worker from digest-verified inputs	2026-09-19T21:55:39.1372086Z [36;1mimport json, os[0m
isolated	Build local worker from digest-verified inputs	2026-09-19T21:55:39.1372413Z [36;1mfrom pathlib import Path[0m
isolated	Build local worker from digest-verified inputs	2026-09-19T21:55:39.1373349Z [36;1mimage = json.loads(Path('worker-image.json').read_text())['image_id'][0m
isolated	Build local worker from digest-verified inputs	2026-09-19T21:55:39.1373951Z [36;1mwith open(os.environ['GITHUB_ENV'], 'a') as output:[0m
isolated	Build local worker from digest-verified inputs	2026-09-19T21:55:39.1374469Z [36;1m    output.write('ENTROTTER_WORKER_IMAGE=' + image + '\n')[0m
isolated	Build local worker from digest-verified inputs	2026-09-19T21:55:39.1374898Z [36;1mPY[0m
isolated	Build local worker from digest-verified inputs	2026-09-19T21:55:39.1425785Z shell: /usr/bin/bash -e {0}
isolated	Build local worker from digest-verified inputs	2026-09-19T21:55:39.1426186Z env:
isolated	Build local worker from digest-verified inputs	2026-09-19T21:55:39.1426485Z   PYTHONPATH: src
isolated	Build local worker from digest-verified inputs	2026-09-19T21:55:39.1426866Z   ENTROTTER_DOCKER_SOCKET: /var/run/docker.sock
isolated	Build local worker from digest-verified inputs	2026-09-19T21:55:39.1427418Z   pythonLocation: /opt/hostedtoolcache/Python/3.12.14/x64
isolated	Build local worker from digest-verified inputs	2026-09-19T21:55:39.1428076Z   PKG_CONFIG_PATH: /opt/hostedtoolcache/Python/3.12.14/x64/lib/pkgconfig
isolated	Build local worker from digest-verified inputs	2026-09-19T21:55:39.1428783Z   Python_ROOT_DIR: /opt/hostedtoolcache/Python/3.12.14/x64
isolated	Build local worker from digest-verified inputs	2026-09-19T21:55:39.1429386Z   Python2_ROOT_DIR: /opt/hostedtoolcache/Python/3.12.14/x64
isolated	Build local worker from digest-verified inputs	2026-09-19T21:55:39.1430037Z   Python3_ROOT_DIR: /opt/hostedtoolcache/Python/3.12.14/x64
isolated	Build local worker from digest-verified inputs	2026-09-19T21:55:39.1430637Z   LD_LIBRARY_PATH: /opt/hostedtoolcache/Python/3.12.14/x64/lib
isolated	Build local worker from digest-verified inputs	2026-09-19T21:55:39.1431141Z ##[endgroup]
isolated	Build local worker from digest-verified inputs	2026-09-19T21:55:44.2936852Z #0 building with "default" instance using docker driver
isolated	Build local worker from digest-verified inputs	2026-09-19T21:55:44.2937598Z
isolated	Build local worker from digest-verified inputs	2026-09-19T21:55:44.2937887Z #1 [internal] load build definition from Dockerfile
isolated	Build local worker from digest-verified inputs	2026-09-19T21:55:44.2938579Z #1 transferring dockerfile: 360B 0.0s done
isolated	Build local worker from digest-verified inputs	2026-09-19T21:55:44.2939290Z #1 DONE 0.0s
isolated	Build local worker from digest-verified inputs	2026-09-19T21:55:44.2939531Z
isolated	Build local worker from digest-verified inputs	2026-09-19T21:55:44.2940372Z #2 [internal] load metadata for cgr.dev/chainguard/python@sha256:011e73b4e30e0fe9407a42b82a920b4fa13ebc0bf029a48b714f950df254ca20
isolated	Build local worker from digest-verified inputs	2026-09-19T21:55:44.9385793Z #2 DONE 0.8s
isolated	Build local worker from digest-verified inputs	2026-09-19T21:55:45.0543872Z
isolated	Build local worker from digest-verified inputs	2026-09-19T21:55:45.0544398Z #3 [internal] load .dockerignore
isolated	Build local worker from digest-verified inputs	2026-09-19T21:55:45.0545032Z #3 transferring context: 2B done
isolated	Build local worker from digest-verified inputs	2026-09-19T21:55:45.0546051Z #3 DONE 0.0s
isolated	Build local worker from digest-verified inputs	2026-09-19T21:55:45.0546279Z
isolated	Build local worker from digest-verified inputs	2026-09-19T21:55:45.0546877Z #4 [1/4] FROM cgr.dev/chainguard/python@sha256:011e73b4e30e0fe9407a42b82a920b4fa13ebc0bf029a48b714f950df254ca20
isolated	Build local worker from digest-verified inputs	2026-09-19T21:55:45.0548205Z #4 resolve cgr.dev/chainguard/python@sha256:011e73b4e30e0fe9407a42b82a920b4fa13ebc0bf029a48b714f950df254ca20 done
isolated	Build local worker from digest-verified inputs	2026-09-19T21:55:45.0549440Z #4 sha256:51c6e4fc19caa33401af779542d33d25f48c4d0d1756a38a5123f587c47b6c2a 2.82kB / 2.82kB done
isolated	Build local worker from digest-verified inputs	2026-09-19T21:55:45.0550550Z #4 sha256:1a2d7475c7c0b979faefb02732f8f0aa40bd0862c41d134f81b00886aec1f01f 0B / 12.91MB 0.1s
isolated	Build local worker from digest-verified inputs	2026-09-19T21:55:45.0551974Z #4 sha256:28c972c1431bbe69cb9b16c0f75b357850302e8503212392cc1e00cb26d9e9d0 0B / 2.94MB 0.1s
isolated	Build local worker from digest-verified inputs	2026-09-19T21:55:45.0553451Z #4 sha256:011e73b4e30e0fe9407a42b82a920b4fa13ebc0bf029a48b714f950df254ca20 1.12kB / 1.12kB done
isolated	Build local worker from digest-verified inputs	2026-09-19T21:55:45.0576721Z #4 sha256:6f89f21351dab025eae2c7594f802e958c6813114f16752c22e6407aa0630a21 2.50kB / 2.50kB done
isolated	Build local worker from digest-verified inputs	2026-09-19T21:55:45.0578725Z #4 sha256:353fe07a386aa143c5d62d72d7b14a8381e048fa86b06155b88e8037afe16a86 0B / 3.36MB 0.1s
isolated	Build local worker from digest-verified inputs	2026-09-19T21:55:45.1542430Z #4 ...
isolated	Build local worker from digest-verified inputs	2026-09-19T21:55:45.1543115Z
isolated	Build local worker from digest-verified inputs	2026-09-19T21:55:45.1543450Z #5 [internal] load build context
isolated	Build local worker from digest-verified inputs	2026-09-19T21:55:45.1544340Z #5 transferring context: 50.50MB 0.2s done
isolated	Build local worker from digest-verified inputs	2026-09-19T21:55:45.1545220Z #5 DONE 0.2s
isolated	Build local worker from digest-verified inputs	2026-09-19T21:55:45.1545568Z
isolated	Build local worker from digest-verified inputs	2026-09-19T21:55:45.1546570Z #4 [1/4] FROM cgr.dev/chainguard/python@sha256:011e73b4e30e0fe9407a42b82a920b4fa13ebc0bf029a48b714f950df254ca20
isolated	Build local worker from digest-verified inputs	2026-09-19T21:55:45.1548111Z #4 sha256:1a2d7475c7c0b979faefb02732f8f0aa40bd0862c41d134f81b00886aec1f01f 11.53MB / 12.91MB 0.2s
isolated	Build local worker from digest-verified inputs	2026-09-19T21:55:45.1549247Z #4 sha256:28c972c1431bbe69cb9b16c0f75b357850302e8503212392cc1e00cb26d9e9d0 1.05MB / 2.94MB 0.2s
isolated	Build local worker from digest-verified inputs	2026-09-19T21:55:45.1550386Z #4 sha256:353fe07a386aa143c5d62d72d7b14a8381e048fa86b06155b88e8037afe16a86 2.10MB / 3.36MB 0.2s
isolated	Build local worker from digest-verified inputs	2026-09-19T21:55:45.3223138Z #4 sha256:1a2d7475c7c0b979faefb02732f8f0aa40bd0862c41d134f81b00886aec1f01f 12.91MB / 12.91MB 0.3s done
isolated	Build local worker from digest-verified inputs	2026-09-19T21:55:45.3225313Z #4 sha256:28c972c1431bbe69cb9b16c0f75b357850302e8503212392cc1e00cb26d9e9d0 2.94MB / 2.94MB 0.2s done
isolated	Build local worker from digest-verified inputs	2026-09-19T21:55:45.3226929Z #4 sha256:353fe07a386aa143c5d62d72d7b14a8381e048fa86b06155b88e8037afe16a86 3.36MB / 3.36MB 0.2s done
isolated	Build local worker from digest-verified inputs	2026-09-19T21:55:45.3228279Z #4 extracting sha256:1a2d7475c7c0b979faefb02732f8f0aa40bd0862c41d134f81b00886aec1f01f 0.1s
isolated	Build local worker from digest-verified inputs	2026-09-19T21:55:45.3229862Z #4 sha256:40a26f2d1aef25be4125fca9dea99c4478794e33e5b60373d789758912a4c379 0B / 1.80MB 0.3s
isolated	Build local worker from digest-verified inputs	2026-09-19T21:55:45.3231164Z #4 sha256:7ca2df4a7d903669d373373f17e70d2950b918b27a3f621e9cda97b96586dd80 0B / 699.56kB 0.3s
isolated	Build local worker from digest-verified inputs	2026-09-19T21:55:45.3232977Z #4 sha256:bfd77f85335618ebb37198ab5bc555b0ef04959a6761d1ecaf20a4f88d46b365 0B / 1.35MB 0.3s
isolated	Build local worker from digest-verified inputs	2026-09-19T21:55:45.4540824Z #4 sha256:40a26f2d1aef25be4125fca9dea99c4478794e33e5b60373d789758912a4c379 1.80MB / 1.80MB 0.4s done
isolated	Build local worker from digest-verified inputs	2026-09-19T21:55:45.4542163Z #4 sha256:7ca2df4a7d903669d373373f17e70d2950b918b27a3f621e9cda97b96586dd80 699.56kB / 699.56kB 0.3s done
isolated	Build local worker from digest-verified inputs	2026-09-19T21:55:45.4545102Z #4 sha256:bfd77f85335618ebb37198ab5bc555b0ef04959a6761d1ecaf20a4f88d46b365 1.35MB / 1.35MB 0.3s done
isolated	Build local worker from digest-verified inputs	2026-09-19T21:55:45.4546410Z #4 sha256:5489185ba0a4c776c43c13768b40c2c2cfdcc1ec1801ccfc4b90d8f886c47c98 632.20kB / 632.20kB 0.4s done
isolated	Build local worker from digest-verified inputs	2026-09-19T21:55:45.4547845Z #4 sha256:72f154a025dd07360e226be7997e4074d19373a0b0ae64e876f1f2bd3c51b808 378.52kB / 378.52kB 0.5s done
isolated	Build local worker from digest-verified inputs	2026-09-19T21:55:45.4549018Z #4 sha256:9de06a769f10118613abcf70953d711e0051f21705a2a390e159ec79ffd27ec8 973.80kB / 973.80kB 0.4s done
isolated	Build local worker from digest-verified inputs	2026-09-19T21:55:45.4550105Z #4 sha256:2eadf5f6db71e0a59307ef01338f2c4014d8e610312aa056a6816b16ce6cf49c 0B / 1.22MB 0.5s
isolated	Build local worker from digest-verified inputs	2026-09-19T21:55:45.4551460Z #4 sha256:95875a932152e3696fd38728803d776a03d07b4c53836fcd2378a98dcec2dcb9 0B / 62.40kB 0.5s
isolated	Build local worker from digest-verified inputs	2026-09-19T21:55:45.5606443Z #4 sha256:2eadf5f6db71e0a59307ef01338f2c4014d8e610312aa056a6816b16ce6cf49c 1.22MB / 1.22MB 0.5s done
isolated	Build local worker from digest-verified inputs	2026-09-19T21:55:45.5608318Z #4 sha256:95875a932152e3696fd38728803d776a03d07b4c53836fcd2378a98dcec2dcb9 62.40kB / 62.40kB 0.5s done
isolated	Build local worker from digest-verified inputs	2026-09-19T21:55:45.9167349Z #4 extracting sha256:1a2d7475c7c0b979faefb02732f8f0aa40bd0862c41d134f81b00886aec1f01f 0.5s done
isolated	Build local worker from digest-verified inputs	2026-09-19T21:55:45.9168708Z #4 extracting sha256:28c972c1431bbe69cb9b16c0f75b357850302e8503212392cc1e00cb26d9e9d0 0.0s done
isolated	Build local worker from digest-verified inputs	2026-09-19T21:55:48.5108265Z #4 extracting sha256:353fe07a386aa143c5d62d72d7b14a8381e048fa86b06155b88e8037afe16a86
isolated	Build local worker from digest-verified inputs	2026-09-19T21:55:48.6195460Z #4 extracting sha256:353fe07a386aa143c5d62d72d7b14a8381e048fa86b06155b88e8037afe16a86 0.0s done
isolated	Build local worker from digest-verified inputs	2026-09-19T21:55:48.6197558Z #4 extracting sha256:bfd77f85335618ebb37198ab5bc555b0ef04959a6761d1ecaf20a4f88d46b365 0.0s done
isolated	Build local worker from digest-verified inputs	2026-09-19T21:55:48.6199170Z #4 extracting sha256:7ca2df4a7d903669d373373f17e70d2950b918b27a3f621e9cda97b96586dd80
isolated	Build local worker from digest-verified inputs	2026-09-19T21:55:48.7361908Z #4 extracting sha256:7ca2df4a7d903669d373373f17e70d2950b918b27a3f621e9cda97b96586dd80 0.1s done
isolated	Build local worker from digest-verified inputs	2026-09-19T21:55:48.7371259Z #4 extracting sha256:40a26f2d1aef25be4125fca9dea99c4478794e33e5b60373d789758912a4c379
isolated	Build local worker from digest-verified inputs	2026-09-19T21:55:48.8557762Z #4 extracting sha256:40a26f2d1aef25be4125fca9dea99c4478794e33e5b60373d789758912a4c379 0.0s done
isolated	Build local worker from digest-verified inputs	2026-09-19T21:55:48.8560130Z #4 extracting sha256:9de06a769f10118613abcf70953d711e0051f21705a2a390e159ec79ffd27ec8 0.0s done
isolated	Build local worker from digest-verified inputs	2026-09-19T21:55:48.8562225Z #4 extracting sha256:5489185ba0a4c776c43c13768b40c2c2cfdcc1ec1801ccfc4b90d8f886c47c98 0.0s done
isolated	Build local worker from digest-verified inputs	2026-09-19T21:55:48.8564557Z #4 extracting sha256:72f154a025dd07360e226be7997e4074d19373a0b0ae64e876f1f2bd3c51b808 0.0s done
isolated	Build local worker from digest-verified inputs	2026-09-19T21:55:48.8566403Z #4 extracting sha256:2eadf5f6db71e0a59307ef01338f2c4014d8e610312aa056a6816b16ce6cf49c
isolated	Build local worker from digest-verified inputs	2026-09-19T21:55:49.0829114Z #4 extracting sha256:2eadf5f6db71e0a59307ef01338f2c4014d8e610312aa056a6816b16ce6cf49c 0.0s done
isolated	Build local worker from digest-verified inputs	2026-09-19T21:55:49.0830401Z #4 extracting sha256:95875a932152e3696fd38728803d776a03d07b4c53836fcd2378a98dcec2dcb9 done
isolated	Build local worker from digest-verified inputs	2026-09-19T21:55:49.0831448Z #4 DONE 4.1s
isolated	Build local worker from digest-verified inputs	2026-09-19T21:55:49.3014490Z
isolated	Build local worker from digest-verified inputs	2026-09-19T21:55:49.3015228Z #6 [2/4] COPY anvil /usr/local/bin/anvil
isolated	Build local worker from digest-verified inputs	2026-09-19T21:55:49.3016594Z #6 DONE 0.0s
isolated	Build local worker from digest-verified inputs	2026-09-19T21:55:49.3016802Z
isolated	Build local worker from digest-verified inputs	2026-09-19T21:55:49.3017040Z #7 [3/4] COPY entrotter_engine /app/entrotter_engine
isolated	Build local worker from digest-verified inputs	2026-09-19T21:55:49.3017761Z #7 DONE 0.0s
isolated	Build local worker from digest-verified inputs	2026-09-19T21:55:49.3018080Z
isolated	Build local worker from digest-verified inputs	2026-09-19T21:55:49.3018341Z #8 [4/4] WORKDIR /app
isolated	Build local worker from digest-verified inputs	2026-09-19T21:55:49.3018931Z #8 DONE 0.0s
isolated	Build local worker from digest-verified inputs	2026-09-19T21:55:49.3019253Z
isolated	Build local worker from digest-verified inputs	2026-09-19T21:55:49.3019418Z #9 exporting to image
isolated	Build local worker from digest-verified inputs	2026-09-19T21:55:49.3019775Z #9 exporting layers
isolated	Build local worker from digest-verified inputs	2026-09-19T21:55:50.0107318Z #9 exporting layers 0.9s done
isolated	Build local worker from digest-verified inputs	2026-09-19T21:55:50.0299121Z #9 writing image sha256:24d654bc31649f80b7730c7780aa45863836356db2ec9a87f74a394969e669d5 done
isolated	Build local worker from digest-verified inputs	2026-09-19T21:55:50.0300803Z #9 naming to docker.io/library/entrotter-worker:38c3fa5949250c90 done
isolated	Build local worker from digest-verified inputs	2026-09-19T21:55:50.0301609Z #9 DONE 0.9s
isolated	Build local worker from digest-verified inputs	2026-09-19T21:55:50.0850480Z {"image_id": "sha256:24d654bc31649f80b7730c7780aa45863836356db2ec9a87f74a394969e669d5", "manifest": "worker-image.json", "published": false}
isolated	Verify real kernel enforcement, API and lifetime cleanup	﻿2026-09-19T21:55:50.1342128Z ##[group]Run python -m unittest discover -s tests_isolated -v
isolated	Verify real kernel enforcement, API and lifetime cleanup	2026-09-19T21:55:50.1342936Z [36;1mpython -m unittest discover -s tests_isolated -v[0m
isolated	Verify real kernel enforcement, API and lifetime cleanup	2026-09-19T21:55:50.1381084Z shell: /usr/bin/bash -e {0}
isolated	Verify real kernel enforcement, API and lifetime cleanup	2026-09-19T21:55:50.1381459Z env:
isolated	Verify real kernel enforcement, API and lifetime cleanup	2026-09-19T21:55:50.1381777Z   PYTHONPATH: src
isolated	Verify real kernel enforcement, API and lifetime cleanup	2026-09-19T21:55:50.1382195Z   ENTROTTER_DOCKER_SOCKET: /var/run/docker.sock
isolated	Verify real kernel enforcement, API and lifetime cleanup	2026-09-19T21:55:50.1383011Z   pythonLocation: /opt/hostedtoolcache/Python/3.12.14/x64
isolated	Verify real kernel enforcement, API and lifetime cleanup	2026-09-19T21:55:50.1383719Z   PKG_CONFIG_PATH: /opt/hostedtoolcache/Python/3.12.14/x64/lib/pkgconfig
isolated	Verify real kernel enforcement, API and lifetime cleanup	2026-09-19T21:55:50.1384440Z   Python_ROOT_DIR: /opt/hostedtoolcache/Python/3.12.14/x64
isolated	Verify real kernel enforcement, API and lifetime cleanup	2026-09-19T21:55:50.1385073Z   Python2_ROOT_DIR: /opt/hostedtoolcache/Python/3.12.14/x64
isolated	Verify real kernel enforcement, API and lifetime cleanup	2026-09-19T21:55:50.1411484Z   Python3_ROOT_DIR: /opt/hostedtoolcache/Python/3.12.14/x64
isolated	Verify real kernel enforcement, API and lifetime cleanup	2026-09-19T21:55:50.1412168Z   LD_LIBRARY_PATH: /opt/hostedtoolcache/Python/3.12.14/x64/lib
isolated	Verify real kernel enforcement, API and lifetime cleanup	2026-09-19T21:55:50.1413187Z   ENTROTTER_WORKER_IMAGE: sha256:24d654bc31649f80b7730c7780aa45863836356db2ec9a87f74a394969e669d5
isolated	Verify real kernel enforcement, API and lifetime cleanup	2026-09-19T21:55:50.1413917Z ##[endgroup]
isolated	Verify real kernel enforcement, API and lifetime cleanup	2026-09-19T21:55:51.9011368Z test_api_rejects_occupied_daemon_without_storing_report (test_admission.DaemonAdmissionTests.test_api_rejects_occupied_daemon_without_storing_report) ... ok
isolated	Verify real kernel enforcement, API and lifetime cleanup	2026-09-19T21:55:52.5967819Z test_cli_rejects_occupied_daemon_without_replacing_export (test_admission.DaemonAdmissionTests.test_cli_rejects_occupied_daemon_without_replacing_export) ... ok
isolated	Verify real kernel enforcement, API and lifetime cleanup	2026-09-19T21:55:55.0761944Z test_host_timeout_releases_owned_slot_for_next_run (test_admission.DaemonAdmissionTests.test_host_timeout_releases_owned_slot_for_next_run) ... ok
isolated	Verify real kernel enforcement, API and lifetime cleanup	2026-09-19T21:56:01.0682010Z test_two_processes_race_after_both_observe_empty_slot (test_admission.DaemonAdmissionTests.test_two_processes_race_after_both_observe_empty_slot) ... ok
isolated	Verify real kernel enforcement, API and lifetime cleanup	2026-09-19T21:56:01.5413691Z test_unstarted_container_keeps_slot_until_explicit_owned_removal (test_admission.DaemonAdmissionTests.test_unstarted_container_keeps_slot_until_explicit_owned_removal) ... ok
isolated	Verify real kernel enforcement, API and lifetime cleanup	2026-09-19T21:56:03.6129433Z test_cli_and_api_roundtrip (test_worker.IsolatedAPITests.test_cli_and_api_roundtrip) ... ok
isolated	Verify real kernel enforcement, API and lifetime cleanup	2026-09-19T21:56:05.9211714Z test_cpu_quota_throttles_parallel_work (test_worker.IsolatedWorkerTests.test_cpu_quota_throttles_parallel_work) ... ok
isolated	Verify real kernel enforcement, API and lifetime cleanup	2026-09-19T21:56:06.1090825Z test_kernel_controls_mounts_and_privileges (test_worker.IsolatedWorkerTests.test_kernel_controls_mounts_and_privileges) ... ok
isolated	Verify real kernel enforcement, API and lifetime cleanup	2026-09-19T21:56:06.3226361Z test_memory_limit_actually_oom_kills_overallocation (test_worker.IsolatedWorkerTests.test_memory_limit_actually_oom_kills_overallocation) ... ok
isolated	Verify real kernel enforcement, API and lifetime cleanup	2026-09-19T21:56:06.5323824Z test_pid_limit_actually_rejects_more_processes (test_worker.IsolatedWorkerTests.test_pid_limit_actually_rejects_more_processes) ... ok
isolated	Verify real kernel enforcement, API and lifetime cleanup	2026-09-19T21:56:07.7356698Z test_real_fixture_and_anvil_results_match_native (test_worker.IsolatedWorkerTests.test_real_fixture_and_anvil_results_match_native) ... ok
isolated	Verify real kernel enforcement, API and lifetime cleanup	2026-09-19T21:56:07.9272585Z test_runtime_has_python_and_anvil_without_shell_or_package_commands (test_worker.IsolatedWorkerTests.test_runtime_has_python_and_anvil_without_shell_or_package_commands) ... ok
isolated	Verify real kernel enforcement, API and lifetime cleanup	2026-09-19T21:56:08.1614070Z test_tmpfs_space_and_noexec_are_enforced (test_worker.IsolatedWorkerTests.test_tmpfs_space_and_noexec_are_enforced) ... ok
isolated	Verify real kernel enforcement, API and lifetime cleanup	2026-09-19T21:59:08.8336151Z Independent idle deadline observed after 180.672 seconds
isolated	Verify real kernel enforcement, API and lifetime cleanup	2026-09-19T21:59:09.1962296Z test_detached_idle_worker_expires_without_host_cooperation (test_worker.WorkerLifetimeTests.test_detached_idle_worker_expires_without_host_cooperation) ... ok
isolated	Verify real kernel enforcement, API and lifetime cleanup	2026-09-19T21:59:10.3866904Z test_lost_client_is_bounded_by_independent_worker_timer (test_worker.WorkerLifetimeTests.test_lost_client_is_bounded_by_independent_worker_timer) ... ok
isolated	Verify real kernel enforcement, API and lifetime cleanup	2026-09-19T21:59:11.6089694Z test_sigterm_ends_idle_worker_and_removes_container (test_worker.WorkerLifetimeTests.test_sigterm_ends_idle_worker_and_removes_container) ... ok
isolated	Verify real kernel enforcement, API and lifetime cleanup	2026-09-19T21:59:11.6090769Z
isolated	Verify real kernel enforcement, API and lifetime cleanup	2026-09-19T21:59:11.6091115Z ----------------------------------------------------------------------
isolated	Verify real kernel enforcement, API and lifetime cleanup	2026-09-19T21:59:11.6092160Z Ran 16 tests in 200.548s
isolated	Verify real kernel enforcement, API and lifetime cleanup	2026-09-19T21:59:11.6092371Z
isolated	Verify real kernel enforcement, API and lifetime cleanup	2026-09-19T21:59:11.6092480Z OK
isolated	Verify no test workers remain	﻿2026-09-19T21:59:11.6412647Z ##[group]Run workers=$(docker ps --all --filter label=org.entrotter.worker=true --format '{{.ID}}')
isolated	Verify no test workers remain	2026-09-19T21:59:11.6413728Z [36;1mworkers=$(docker ps --all --filter label=org.entrotter.worker=true --format '{{.ID}}')[0m
isolated	Verify no test workers remain	2026-09-19T21:59:11.6414212Z [36;1mtest -z "$workers"[0m
isolated	Verify no test workers remain	2026-09-19T21:59:11.6451196Z shell: /usr/bin/bash -e {0}
isolated	Verify no test workers remain	2026-09-19T21:59:11.6451477Z env:
isolated	Verify no test workers remain	2026-09-19T21:59:11.6451696Z   PYTHONPATH: src
isolated	Verify no test workers remain	2026-09-19T21:59:11.6451985Z   ENTROTTER_DOCKER_SOCKET: /var/run/docker.sock
isolated	Verify no test workers remain	2026-09-19T21:59:11.6452399Z   pythonLocation: /opt/hostedtoolcache/Python/3.12.14/x64
isolated	Verify no test workers remain	2026-09-19T21:59:11.6453102Z   PKG_CONFIG_PATH: /opt/hostedtoolcache/Python/3.12.14/x64/lib/pkgconfig
isolated	Verify no test workers remain	2026-09-19T21:59:11.6453607Z   Python_ROOT_DIR: /opt/hostedtoolcache/Python/3.12.14/x64
isolated	Verify no test workers remain	2026-09-19T21:59:11.6454044Z   Python2_ROOT_DIR: /opt/hostedtoolcache/Python/3.12.14/x64
isolated	Verify no test workers remain	2026-09-19T21:59:11.6454474Z   Python3_ROOT_DIR: /opt/hostedtoolcache/Python/3.12.14/x64
isolated	Verify no test workers remain	2026-09-19T21:59:11.6454908Z   LD_LIBRARY_PATH: /opt/hostedtoolcache/Python/3.12.14/x64/lib
isolated	Verify no test workers remain	2026-09-19T21:59:11.6455711Z   ENTROTTER_WORKER_IMAGE: sha256:24d654bc31649f80b7730c7780aa45863836356db2ec9a87f74a394969e669d5
isolated	Verify no test workers remain	2026-09-19T21:59:11.6456231Z ##[endgroup]
isolated	Verify base signature and audit every detected worker package	﻿2026-09-19T21:59:11.6679966Z ##[group]Run python scripts/check_image_security.py --manifest worker-image.json --output .quality/image-security
isolated	Verify base signature and audit every detected worker package	2026-09-19T21:59:11.6680923Z [36;1mpython scripts/check_image_security.py --manifest worker-image.json --output .quality/image-security[0m
isolated	Verify base signature and audit every detected worker package	2026-09-19T21:59:11.6718317Z shell: /usr/bin/bash -e {0}
isolated	Verify base signature and audit every detected worker package	2026-09-19T21:59:11.6718621Z env:
isolated	Verify base signature and audit every detected worker package	2026-09-19T21:59:11.6718854Z   PYTHONPATH: src
isolated	Verify base signature and audit every detected worker package	2026-09-19T21:59:11.6719157Z   ENTROTTER_DOCKER_SOCKET: /var/run/docker.sock
isolated	Verify base signature and audit every detected worker package	2026-09-19T21:59:11.6719635Z   pythonLocation: /opt/hostedtoolcache/Python/3.12.14/x64
isolated	Verify base signature and audit every detected worker package	2026-09-19T21:59:11.6720203Z   PKG_CONFIG_PATH: /opt/hostedtoolcache/Python/3.12.14/x64/lib/pkgconfig
isolated	Verify base signature and audit every detected worker package	2026-09-19T21:59:11.6720765Z   Python_ROOT_DIR: /opt/hostedtoolcache/Python/3.12.14/x64
isolated	Verify base signature and audit every detected worker package	2026-09-19T21:59:11.6721272Z   Python2_ROOT_DIR: /opt/hostedtoolcache/Python/3.12.14/x64
isolated	Verify base signature and audit every detected worker package	2026-09-19T21:59:11.6721798Z   Python3_ROOT_DIR: /opt/hostedtoolcache/Python/3.12.14/x64
isolated	Verify base signature and audit every detected worker package	2026-09-19T21:59:11.6722313Z   LD_LIBRARY_PATH: /opt/hostedtoolcache/Python/3.12.14/x64/lib
isolated	Verify base signature and audit every detected worker package	2026-09-19T21:59:11.6723254Z   ENTROTTER_WORKER_IMAGE: sha256:24d654bc31649f80b7730c7780aa45863836356db2ec9a87f74a394969e669d5
isolated	Verify base signature and audit every detected worker package	2026-09-19T21:59:11.6723861Z ##[endgroup]
isolated	Verify base signature and audit every detected worker package	2026-09-19T21:59:23.3714862Z {
isolated	Verify base signature and audit every detected worker package	2026-09-19T21:59:23.3715335Z   "status": "passed",
isolated	Verify base signature and audit every detected worker package	2026-09-19T21:59:23.3716006Z   "image_id": "sha256:24d654bc31649f80b7730c7780aa45863836356db2ec9a87f74a394969e669d5",
isolated	Verify base signature and audit every detected worker package	2026-09-19T21:59:23.3716699Z   "inventories": [
isolated	Verify base signature and audit every detected worker package	2026-09-19T21:59:23.3717022Z     {
isolated	Verify base signature and audit every detected worker package	2026-09-19T21:59:23.3717318Z       "type": "wolfi",
isolated	Verify base signature and audit every detected worker package	2026-09-19T21:59:23.3717675Z       "class": "os-pkgs",
isolated	Verify base signature and audit every detected worker package	2026-09-19T21:59:23.3718041Z       "packages": 26,
isolated	Verify base signature and audit every detected worker package	2026-09-19T21:59:23.3718376Z       "findings": 0
isolated	Verify base signature and audit every detected worker package	2026-09-19T21:59:23.3718685Z     }
isolated	Verify base signature and audit every detected worker package	2026-09-19T21:59:23.3718954Z   ],
isolated	Verify base signature and audit every detected worker package	2026-09-19T21:59:23.3719262Z   "vulnerability_count": 0,
isolated	Verify base signature and audit every detected worker package	2026-09-19T21:59:23.3719739Z   "database_updated_at": "2026-09-19T07:03:12.311489574Z",
isolated	Verify base signature and audit every detected worker package	2026-09-19T21:59:23.3720350Z   "database_next_update": "2026-09-20T07:03:12.311489134Z",
isolated	Verify base signature and audit every detected worker package	2026-09-19T21:59:23.3721400Z   "policy": "Every detected vulnerability, including unfixed and unknown severity, fails; no suppression files or VEX",
isolated	Verify base signature and audit every detected worker package	2026-09-19T21:59:23.3722370Z   "limitations": [
isolated	Verify base signature and audit every detected worker package	2026-09-19T21:59:23.3723411Z     "Only detected OS/language packages are covered, not proof of absence of vulnerabilities",
isolated	Verify base signature and audit every detected worker package	2026-09-19T21:59:23.3724395Z     "Native Anvil dependencies without embedded inventory remain outside this scan",
isolated	Verify base signature and audit every detected worker package	2026-09-19T21:59:23.3725272Z     "Docker daemon, host kernel/VM and arbitrary user code are not audited"
isolated	Verify base signature and audit every detected worker package	2026-09-19T21:59:23.3725878Z   ],
isolated	Verify base signature and audit every detected worker package	2026-09-19T21:59:23.3726448Z   "source_digest": "38c3fa5949250c90214d3daf82c386bd7c73082bbeacaf4478e0d9f0a6592d93",
isolated	Verify base signature and audit every detected worker package	2026-09-19T21:59:23.3727400Z   "auditor_sha256": "e84d1c8d37c33a176706b6cad3fe32c5f3b1f8faf96422f694cc088763ea8261",
isolated	Verify base signature and audit every detected worker package	2026-09-19T21:59:23.3728138Z   "trivy_version": "0.74.0",
isolated	Verify base signature and audit every detected worker package	2026-09-19T21:59:23.3728842Z   "trivy_archive_sha256": "2ae6fe3ee734b7fdf11335663e18c75ea12dccc76062f09f164a3b0f8be4371a",
isolated	Verify base signature and audit every detected worker package	2026-09-19T21:59:23.3729606Z   "cosign_version": "3.1.3",
isolated	Verify base signature and audit every detected worker package	2026-09-19T21:59:23.3730267Z   "cosign_binary_sha256": "4629c757b7618056f8ddd7e2625ae9fdd94c0372a65049520bc7d9df9efc7f71",
isolated	Verify base signature and audit every detected worker package	2026-09-19T21:59:23.3731495Z   "base_image": "cgr.dev/chainguard/python@sha256:011e73b4e30e0fe9407a42b82a920b4fa13ebc0bf029a48b714f950df254ca20",
isolated	Verify base signature and audit every detected worker package	2026-09-19T21:59:23.3732949Z   "verified_base_signer": "https://github.com/chainguard-images/images/.github/workflows/release.yaml@refs/heads/main",
isolated	Verify base signature and audit every detected worker package	2026-09-19T21:59:23.3735787Z   "verified_base_issuer": "https://token.actions.githubusercontent.com",
isolated	Verify base signature and audit every detected worker package	2026-09-19T21:59:23.3736681Z   "database_sha256": "d2011995903d437182133a086780524c5d7d309947cbcce3e546822a06dc54d2",
isolated	Verify base signature and audit every detected worker package	2026-09-19T21:59:23.3737702Z   "report_sha256": "7040d4c286221498914c2b08ee570fcf2142cd7bf80b28295c4dc33d03204779"
isolated	Verify base signature and audit every detected worker package	2026-09-19T21:59:23.3738416Z }
isolated	Verify native release provenance and signed Cargo inventory	﻿2026-09-19T21:59:23.3883607Z ##[group]Run python scripts/check_native_security.py --manifest worker-image.json --output .quality/native-security
isolated	Verify native release provenance and signed Cargo inventory	2026-09-19T21:59:23.3884718Z [36;1mpython scripts/check_native_security.py --manifest worker-image.json --output .quality/native-security[0m
isolated	Verify native release provenance and signed Cargo inventory	2026-09-19T21:59:23.3922516Z shell: /usr/bin/bash -e {0}
isolated	Verify native release provenance and signed Cargo inventory	2026-09-19T21:59:23.3923046Z env:
isolated	Verify native release provenance and signed Cargo inventory	2026-09-19T21:59:23.3923281Z   PYTHONPATH: src
isolated	Verify native release provenance and signed Cargo inventory	2026-09-19T21:59:23.3923570Z   ENTROTTER_DOCKER_SOCKET: /var/run/docker.sock
isolated	Verify native release provenance and signed Cargo inventory	2026-09-19T21:59:23.3923990Z   pythonLocation: /opt/hostedtoolcache/Python/3.12.14/x64
isolated	Verify native release provenance and signed Cargo inventory	2026-09-19T21:59:23.3924476Z   PKG_CONFIG_PATH: /opt/hostedtoolcache/Python/3.12.14/x64/lib/pkgconfig
isolated	Verify native release provenance and signed Cargo inventory	2026-09-19T21:59:23.3924977Z   Python_ROOT_DIR: /opt/hostedtoolcache/Python/3.12.14/x64
isolated	Verify native release provenance and signed Cargo inventory	2026-09-19T21:59:23.3925411Z   Python2_ROOT_DIR: /opt/hostedtoolcache/Python/3.12.14/x64
isolated	Verify native release provenance and signed Cargo inventory	2026-09-19T21:59:23.3925843Z   Python3_ROOT_DIR: /opt/hostedtoolcache/Python/3.12.14/x64
isolated	Verify native release provenance and signed Cargo inventory	2026-09-19T21:59:23.3926280Z   LD_LIBRARY_PATH: /opt/hostedtoolcache/Python/3.12.14/x64/lib
isolated	Verify native release provenance and signed Cargo inventory	2026-09-19T21:59:23.3926899Z   ENTROTTER_WORKER_IMAGE: sha256:24d654bc31649f80b7730c7780aa45863836356db2ec9a87f74a394969e669d5
isolated	Verify native release provenance and signed Cargo inventory	2026-09-19T21:59:23.3930196Z   GH_TOKEN: ***
isolated	Verify native release provenance and signed Cargo inventory	2026-09-19T21:59:23.3930443Z ##[endgroup]
isolated	Verify native release provenance and signed Cargo inventory	2026-09-19T21:59:29.4746327Z {
isolated	Verify native release provenance and signed Cargo inventory	2026-09-19T21:59:29.4746961Z   "status": "passed",
isolated	Verify native release provenance and signed Cargo inventory	2026-09-19T21:59:29.4747413Z   "signed_sbom_packages": 1298,
isolated	Verify native release provenance and signed Cargo inventory	2026-09-19T21:59:29.4747882Z   "cargo_packages": 1126,
isolated	Verify native release provenance and signed Cargo inventory	2026-09-19T21:59:29.4748313Z   "vulnerability_count": 0,
isolated	Verify native release provenance and signed Cargo inventory	2026-09-19T21:59:29.4748836Z   "database_updated_at": "2026-09-19T07:03:12.311489574Z",
isolated	Verify native release provenance and signed Cargo inventory	2026-09-19T21:59:29.4749509Z   "database_next_update": "2026-09-20T07:03:12.311489134Z",
isolated	Verify native release provenance and signed Cargo inventory	2026-09-19T21:59:29.4750469Z   "policy": "Every detected Cargo advisory fails, including unfixed/low/unknown; no suppression or VEX",
isolated	Verify native release provenance and signed Cargo inventory	2026-09-19T21:59:29.4751351Z   "limitations": [
isolated	Verify native release provenance and signed Cargo inventory	2026-09-19T21:59:29.4752152Z     "Signed upstream SBOM scans the whole Foundry checkout; not the exact linked Anvil feature/target subset",
isolated	Verify native release provenance and signed Cargo inventory	2026-09-19T21:59:29.4753842Z     "Workspace crates, GitHub Actions and all components without Cargo URLs are listed outside advisory coverage",
isolated	Verify native release provenance and signed Cargo inventory	2026-09-19T21:59:29.4755385Z     "Compiler, native C libraries, build-system integrity, host/VM/daemon and undiscovered dependencies are not fully audited",
isolated	Verify native release provenance and signed Cargo inventory	2026-09-19T21:59:29.4756858Z     "A valid provenance signature establishes upstream identity and claims, not independent review or reproducible compilation"
isolated	Verify native release provenance and signed Cargo inventory	2026-09-19T21:59:29.4757666Z   ],
isolated	Verify native release provenance and signed Cargo inventory	2026-09-19T21:59:29.4757966Z   "foundry_version": "1.8.3",
isolated	Verify native release provenance and signed Cargo inventory	2026-09-19T21:59:29.4758459Z   "foundry_source_commit": "cae51ad458f6abb64852b7709eb784352429825d",
isolated	Verify native release provenance and signed Cargo inventory	2026-09-19T21:59:29.4758990Z   "architecture": "amd64",
isolated	Verify native release provenance and signed Cargo inventory	2026-09-19T21:59:29.4759607Z   "archive_sha256": "7ca48e6ca3cac1bce1403ca67e5bc1dc3bc1fd818199c9957c7165079c228568",
isolated	Verify native release provenance and signed Cargo inventory	2026-09-19T21:59:29.4760496Z   "anvil_binary_sha256": "674a06c97a01350cd00241762bbfb01ebcafce9b6e8cbd6c8758ecea6ef4b968",
isolated	Verify native release provenance and signed Cargo inventory	2026-09-19T21:59:29.4761410Z   "signed_sbom_sha256": "8fb1fd40f45ff7eb97f40a6f020586e1e486ba701ae891e6ee6f63fff9ea6c7b",
isolated	Verify native release provenance and signed Cargo inventory	2026-09-19T21:59:29.4762436Z   "verified_signer": "https://github.com/foundry-rs/foundry/.github/workflows/release.yml@refs/tags/v1.8.3",
isolated	Verify native release provenance and signed Cargo inventory	2026-09-19T21:59:29.4763454Z   "verified_issuer": "https://token.actions.githubusercontent.com",
isolated	Verify native release provenance and signed Cargo inventory	2026-09-19T21:59:29.4764212Z   "source_digest": "38c3fa5949250c90214d3daf82c386bd7c73082bbeacaf4478e0d9f0a6592d93",
isolated	Verify native release provenance and signed Cargo inventory	2026-09-19T21:59:29.4765037Z   "image_id": "sha256:24d654bc31649f80b7730c7780aa45863836356db2ec9a87f74a394969e669d5",
isolated	Verify native release provenance and signed Cargo inventory	2026-09-19T21:59:29.4765853Z   "manifest_sha256": "2171513e128531c31994961c089dbe8f725e8b456af51f8165a490f4bd72f04d",
isolated	Verify native release provenance and signed Cargo inventory	2026-09-19T21:59:29.4766682Z   "auditor_sha256": "f32a97e5c0b7fd3cd611d31f83dc98c5150b0ec6249669ac2ad17d8ca5f4c29d",
isolated	Verify native release provenance and signed Cargo inventory	2026-09-19T21:59:29.4767354Z   "shared_tool_helper_sha256": "e84d1c8d37c33a176706b6cad3fe32c5f3b1f8faf96422f694cc088763ea8261",
isolated	Verify native release provenance and signed Cargo inventory	2026-09-19T21:59:29.4767845Z   "trivy_version": "0.74.0",
isolated	Verify native release provenance and signed Cargo inventory	2026-09-19T21:59:29.4768286Z   "trivy_archive_sha256": "2ae6fe3ee734b7fdf11335663e18c75ea12dccc76062f09f164a3b0f8be4371a",
isolated	Verify native release provenance and signed Cargo inventory	2026-09-19T21:59:29.4769189Z   "cosign_version": "3.1.3",
isolated	Verify native release provenance and signed Cargo inventory	2026-09-19T21:59:29.4769617Z   "cosign_binary_sha256": "4629c757b7618056f8ddd7e2625ae9fdd94c0372a65049520bc7d9df9efc7f71",
isolated	Verify native release provenance and signed Cargo inventory	2026-09-19T21:59:29.4770374Z   "database_sha256": "d2011995903d437182133a086780524c5d7d309947cbcce3e546822a06dc54d2",
isolated	Verify native release provenance and signed Cargo inventory	2026-09-19T21:59:29.4770985Z   "report_sha256": "8b1ca9a236b26ca31bdfdf9ec9b3f93dca4ce9947efa21e31c24c1dcb5091016"
isolated	Verify native release provenance and signed Cargo inventory	2026-09-19T21:59:29.4771429Z }
isolated	Run actions/upload-artifact@ea165f8d65b6e75b540449e92b4886f43607fa02	﻿2026-09-19T21:59:29.5004496Z Node 20 is being deprecated. This workflow is running with Node 24 by default. If you need to temporarily use Node 20, you can set the ACTIONS_ALLOW_USE_UNSECURE_NODE_VERSION=true environment variable. For more information see: https://github.blog/changelog/2025-09-19-deprecation-of-node-20-on-github-actions-runners/
isolated	Run actions/upload-artifact@ea165f8d65b6e75b540449e92b4886f43607fa02	2026-09-19T21:59:29.5007585Z ##[group]Run actions/upload-artifact@ea165f8d65b6e75b540449e92b4886f43607fa02
isolated	Run actions/upload-artifact@ea165f8d65b6e75b540449e92b4886f43607fa02	2026-09-19T21:59:29.5008349Z with:
isolated	Run actions/upload-artifact@ea165f8d65b6e75b540449e92b4886f43607fa02	2026-09-19T21:59:29.5008736Z   name: worker-image-security
isolated	Run actions/upload-artifact@ea165f8d65b6e75b540449e92b4886f43607fa02	2026-09-19T21:59:29.5009436Z   path: .quality/image-security/
isolated	Run actions/upload-artifact@ea165f8d65b6e75b540449e92b4886f43607fa02	.quality/native-security/
isolated	Run actions/upload-artifact@ea165f8d65b6e75b540449e92b4886f43607fa02	worker-image.json
isolated	Run actions/upload-artifact@ea165f8d65b6e75b540449e92b4886f43607fa02
isolated	Run actions/upload-artifact@ea165f8d65b6e75b540449e92b4886f43607fa02	2026-09-19T21:59:29.5010230Z   include-hidden-files: true
isolated	Run actions/upload-artifact@ea165f8d65b6e75b540449e92b4886f43607fa02	2026-09-19T21:59:29.5010707Z   if-no-files-found: error
isolated	Run actions/upload-artifact@ea165f8d65b6e75b540449e92b4886f43607fa02	2026-09-19T21:59:29.5011140Z   compression-level: 6
isolated	Run actions/upload-artifact@ea165f8d65b6e75b540449e92b4886f43607fa02	2026-09-19T21:59:29.5011524Z   overwrite: false
isolated	Run actions/upload-artifact@ea165f8d65b6e75b540449e92b4886f43607fa02	2026-09-19T21:59:29.5011931Z env:
isolated	Run actions/upload-artifact@ea165f8d65b6e75b540449e92b4886f43607fa02	2026-09-19T21:59:29.5012270Z   PYTHONPATH: src
isolated	Run actions/upload-artifact@ea165f8d65b6e75b540449e92b4886f43607fa02	2026-09-19T21:59:29.5012952Z   ENTROTTER_DOCKER_SOCKET: /var/run/docker.sock
isolated	Run actions/upload-artifact@ea165f8d65b6e75b540449e92b4886f43607fa02	2026-09-19T21:59:29.5013717Z   pythonLocation: /opt/hostedtoolcache/Python/3.12.14/x64
isolated	Run actions/upload-artifact@ea165f8d65b6e75b540449e92b4886f43607fa02	2026-09-19T21:59:29.5014506Z   PKG_CONFIG_PATH: /opt/hostedtoolcache/Python/3.12.14/x64/lib/pkgconfig
isolated	Run actions/upload-artifact@ea165f8d65b6e75b540449e92b4886f43607fa02	2026-09-19T21:59:29.5015306Z   Python_ROOT_DIR: /opt/hostedtoolcache/Python/3.12.14/x64
isolated	Run actions/upload-artifact@ea165f8d65b6e75b540449e92b4886f43607fa02	2026-09-19T21:59:29.5016027Z   Python2_ROOT_DIR: /opt/hostedtoolcache/Python/3.12.14/x64
isolated	Run actions/upload-artifact@ea165f8d65b6e75b540449e92b4886f43607fa02	2026-09-19T21:59:29.5016753Z   Python3_ROOT_DIR: /opt/hostedtoolcache/Python/3.12.14/x64
isolated	Run actions/upload-artifact@ea165f8d65b6e75b540449e92b4886f43607fa02	2026-09-19T21:59:29.5017492Z   LD_LIBRARY_PATH: /opt/hostedtoolcache/Python/3.12.14/x64/lib
isolated	Run actions/upload-artifact@ea165f8d65b6e75b540449e92b4886f43607fa02	2026-09-19T21:59:29.5018467Z   ENTROTTER_WORKER_IMAGE: sha256:24d654bc31649f80b7730c7780aa45863836356db2ec9a87f74a394969e669d5
isolated	Run actions/upload-artifact@ea165f8d65b6e75b540449e92b4886f43607fa02	2026-09-19T21:59:29.5019344Z ##[endgroup]
isolated	Run actions/upload-artifact@ea165f8d65b6e75b540449e92b4886f43607fa02	2026-09-19T21:59:29.6736398Z (node:6995) [DEP0040] DeprecationWarning: The `punycode` module is deprecated. Please use a userland alternative instead.
isolated	Run actions/upload-artifact@ea165f8d65b6e75b540449e92b4886f43607fa02	2026-09-19T21:59:29.6737375Z (Use `node --trace-deprecation ...` to show where the warning was created)
isolated	Run actions/upload-artifact@ea165f8d65b6e75b540449e92b4886f43607fa02	2026-09-19T21:59:29.6907677Z Multiple search paths detected. Calculating the least common ancestor of all paths
isolated	Run actions/upload-artifact@ea165f8d65b6e75b540449e92b4886f43607fa02	2026-09-19T21:59:29.6910860Z The least common ancestor is /home/runner/work/engine/engine. This will be the root directory of the artifact
isolated	Run actions/upload-artifact@ea165f8d65b6e75b540449e92b4886f43607fa02	2026-09-19T21:59:29.6913360Z With the provided path, there will be 17 files uploaded
isolated	Run actions/upload-artifact@ea165f8d65b6e75b540449e92b4886f43607fa02	2026-09-19T21:59:29.6920368Z Artifact name is valid!
isolated	Run actions/upload-artifact@ea165f8d65b6e75b540449e92b4886f43607fa02	2026-09-19T21:59:29.6921189Z Root directory input is valid!
isolated	Run actions/upload-artifact@ea165f8d65b6e75b540449e92b4886f43607fa02	2026-09-19T21:59:30.0934142Z Beginning upload of artifact content to blob storage
isolated	Run actions/upload-artifact@ea165f8d65b6e75b540449e92b4886f43607fa02	2026-09-19T21:59:30.2709323Z (node:6995) [DEP0169] DeprecationWarning: `url.parse()` behavior is not standardized and prone to errors that have security implications. Use the WHATWG URL API instead. CVEs are not issued for `url.parse()` vulnerabilities.
isolated	Run actions/upload-artifact@ea165f8d65b6e75b540449e92b4886f43607fa02	2026-09-19T21:59:30.9025591Z Uploaded bytes 1156748
isolated	Run actions/upload-artifact@ea165f8d65b6e75b540449e92b4886f43607fa02	2026-09-19T21:59:30.9753896Z Finished uploading artifact content to blob storage!
isolated	Run actions/upload-artifact@ea165f8d65b6e75b540449e92b4886f43607fa02	2026-09-19T21:59:30.9755085Z SHA256 digest of uploaded artifact zip is 9fed241808f8806529bab056ef9bfab52167d479b11e49417a538e6041d1444c
isolated	Run actions/upload-artifact@ea165f8d65b6e75b540449e92b4886f43607fa02	2026-09-19T21:59:30.9756979Z Finalizing artifact upload
isolated	Run actions/upload-artifact@ea165f8d65b6e75b540449e92b4886f43607fa02	2026-09-19T21:59:31.2235279Z Artifact worker-image-security.zip successfully finalized. Artifact ID 10592969341
isolated	Run actions/upload-artifact@ea165f8d65b6e75b540449e92b4886f43607fa02	2026-09-19T21:59:31.2236944Z Artifact worker-image-security has been successfully uploaded! Final size is 1156748 bytes. Artifact ID is 10592969341
isolated	Run actions/upload-artifact@ea165f8d65b6e75b540449e92b4886f43607fa02	2026-09-19T21:59:31.2243172Z Artifact download URL: https://github.com/entrotter/engine/actions/runs/35471835399/artifacts/10592969341
isolated	Post Run foundry-rs/foundry-toolchain@908c540300062bd5a7e473851cdb4282204cee09	﻿2026-09-19T21:59:31.2426944Z Post job cleanup.
isolated	Post Run foundry-rs/foundry-toolchain@908c540300062bd5a7e473851cdb4282204cee09	2026-09-19T21:59:31.3717037Z Cache path does not exist, not saving cache: /home/runner/.foundry/cache
isolated	Post Run actions/setup-python@a26af69be951a213d495a4c3e4e4022e16d87065	﻿2026-09-19T21:59:31.3841376Z Node 20 is being deprecated. This workflow is running with Node 24 by default. If you need to temporarily use Node 20, you can set the ACTIONS_ALLOW_USE_UNSECURE_NODE_VERSION=true environment variable. For more information see: https://github.blog/changelog/2025-09-19-deprecation-of-node-20-on-github-actions-runners/
isolated	Post Run actions/setup-python@a26af69be951a213d495a4c3e4e4022e16d87065	2026-09-19T21:59:31.3843230Z Post job cleanup.
isolated	Post Run actions/setup-python@a26af69be951a213d495a4c3e4e4022e16d87065	2026-09-19T21:59:31.5151006Z (node:7015) [DEP0040] DeprecationWarning: The `punycode` module is deprecated. Please use a userland alternative instead.
isolated	Post Run actions/setup-python@a26af69be951a213d495a4c3e4e4022e16d87065	2026-09-19T21:59:31.5152646Z (Use `node --trace-deprecation ...` to show where the warning was created)
isolated	Post Run actions/checkout@11d5960a326750d5838078e36cf38b85af677262	﻿2026-09-19T21:59:31.5390838Z Node 20 is being deprecated. This workflow is running with Node 24 by default. If you need to temporarily use Node 20, you can set the ACTIONS_ALLOW_USE_UNSECURE_NODE_VERSION=true environment variable. For more information see: https://github.blog/changelog/2025-09-19-deprecation-of-node-20-on-github-actions-runners/
isolated	Post Run actions/checkout@11d5960a326750d5838078e36cf38b85af677262	2026-09-19T21:59:31.5393255Z Post job cleanup.
isolated	Post Run actions/checkout@11d5960a326750d5838078e36cf38b85af677262	2026-09-19T21:59:31.6356968Z [command]/usr/bin/git version
isolated	Post Run actions/checkout@11d5960a326750d5838078e36cf38b85af677262	2026-09-19T21:59:31.6403164Z git version 2.55.0
isolated	Post Run actions/checkout@11d5960a326750d5838078e36cf38b85af677262	2026-09-19T21:59:31.6449736Z Temporarily overriding HOME='/home/runner/work/_temp/08ac6bf3-8222-48c5-96b9-dc992b633807' before making global git config changes
isolated	Post Run actions/checkout@11d5960a326750d5838078e36cf38b85af677262	2026-09-19T21:59:31.6451280Z Adding repository directory to the temporary git global config as a safe directory
isolated	Post Run actions/checkout@11d5960a326750d5838078e36cf38b85af677262	2026-09-19T21:59:31.6454850Z [command]/usr/bin/git config --global --add safe.directory /home/runner/work/engine/engine
isolated	Post Run actions/checkout@11d5960a326750d5838078e36cf38b85af677262	2026-09-19T21:59:31.6501576Z [command]/usr/bin/git config --local --name-only --get-regexp core\.sshCommand
isolated	Post Run actions/checkout@11d5960a326750d5838078e36cf38b85af677262	2026-09-19T21:59:31.6547103Z [command]/usr/bin/git submodule foreach --recursive sh -c "git config --local --name-only --get-regexp 'core\.sshCommand' && git config --local --unset-all 'core.sshCommand' || :"
isolated	Post Run actions/checkout@11d5960a326750d5838078e36cf38b85af677262	2026-09-19T21:59:31.6808185Z [command]/usr/bin/git config --local --name-only --get-regexp http\.https\:\/\/github\.com\/\.extraheader
isolated	Post Run actions/checkout@11d5960a326750d5838078e36cf38b85af677262	2026-09-19T21:59:31.6839151Z http.https://github.com/.extraheader
isolated	Post Run actions/checkout@11d5960a326750d5838078e36cf38b85af677262	2026-09-19T21:59:31.6851913Z [command]/usr/bin/git config --local --unset-all http.https://github.com/.extraheader
isolated	Post Run actions/checkout@11d5960a326750d5838078e36cf38b85af677262	2026-09-19T21:59:31.6894862Z [command]/usr/bin/git submodule foreach --recursive sh -c "git config --local --name-only --get-regexp 'http\.https\:\/\/github\.com\/\.extraheader' && git config --local --unset-all 'http.https://github.com/.extraheader' || :"
isolated	Post Run actions/checkout@11d5960a326750d5838078e36cf38b85af677262	2026-09-19T21:59:31.7152297Z [command]/usr/bin/git config --local --name-only --get-regexp ^includeIf\.gitdir:
isolated	Post Run actions/checkout@11d5960a326750d5838078e36cf38b85af677262	2026-09-19T21:59:31.7197095Z [command]/usr/bin/git submodule foreach --recursive git config --local --show-origin --name-only --get-regexp remote.origin.url
isolated	Complete job	﻿2026-09-19T21:59:31.7619999Z Cleaning up orphan processes
isolated	Complete job	2026-09-19T21:59:31.7921147Z ##[warning]Node.js 20 is deprecated. The following actions target Node.js 20 but are being forced to run on Node.js 24: actions/checkout@11d5960a326750d5838078e36cf38b85af677262, actions/setup-python@a26af69be951a213d495a4c3e4e4022e16d87065, actions/upload-artifact@ea165f8d65b6e75b540449e92b4886f43607fa02. For more information see: https://github.blog/changelog/2025-09-19-deprecation-of-node-20-on-github-actions-runners/
